Archive member included to satisfy reference by file (symbol)

app/libapp.a(main.c.obj)      (--whole-archive)
zephyr/libzephyr.a(crc32_sw.c.obj)
                              (--whole-archive)
zephyr/libzephyr.a(crc16_sw.c.obj)
                              (--whole-archive)
zephyr/libzephyr.a(crc8_sw.c.obj)
                              (--whole-archive)
zephyr/libzephyr.a(crc7_sw.c.obj)
                              (--whole-archive)
zephyr/libzephyr.a(dec.c.obj)
                              (--whole-archive)
zephyr/libzephyr.a(fdtable.c.obj)
                              (--whole-archive)
zephyr/libzephyr.a(hex.c.obj)
                              (--whole-archive)
zephyr/libzephyr.a(mempool.c.obj)
                              (--whole-archive)
zephyr/libzephyr.a(notify.c.obj)
                              (--whole-archive)
zephyr/libzephyr.a(printk.c.obj)
                              (--whole-archive)
zephyr/libzephyr.a(onoff.c.obj)
                              (--whole-archive)
zephyr/libzephyr.a(rb.c.obj)  (--whole-archive)
zephyr/libzephyr.a(sem.c.obj)
                              (--whole-archive)
zephyr/libzephyr.a(thread_entry.c.obj)
                              (--whole-archive)
zephyr/libzephyr.a(timeutil.c.obj)
                              (--whole-archive)
zephyr/libzephyr.a(work_q.c.obj)
                              (--whole-archive)
zephyr/libzephyr.a(heap.c.obj)
                              (--whole-archive)
zephyr/libzephyr.a(heap-validate.c.obj)
                              (--whole-archive)
zephyr/libzephyr.a(prf.c.obj)
                              (--whole-archive)
zephyr/libzephyr.a(configs.c.obj)
                              (--whole-archive)
zephyr/libzephyr.a(soc.c.obj)
                              (--whole-archive)
zephyr/libzephyr.a(esp32-mp.c.obj)
                              (--whole-archive)
zephyr/libzephyr.a(uart_console.c.obj)
                              (--whole-archive)
zephyr/libzephyr.a(clock_control_esp32.c.obj)
                              (--whole-archive)
zephyr/libzephyr.a(pinmux_esp32.c.obj)
                              (--whole-archive)
zephyr/libzephyr.a(sys_clock_init.c.obj)
                              (--whole-archive)
zephyr/libzephyr.a(xtensa_sys_timer.c.obj)
                              (--whole-archive)
zephyr/arch/common/libarch__common.a(sw_isr_common.c.obj)
                              (--whole-archive)
zephyr/arch/arch/xtensa/core/libarch__xtensa__core.a(cpu_idle.c.obj)
                              (--whole-archive)
zephyr/arch/arch/xtensa/core/libarch__xtensa__core.a(fatal.c.obj)
                              (--whole-archive)
zephyr/arch/arch/xtensa/core/libarch__xtensa__core.a(window_vectors.S.obj)
                              (--whole-archive)
zephyr/arch/arch/xtensa/core/libarch__xtensa__core.a(xtensa-asm2-util.S.obj)
                              (--whole-archive)
zephyr/arch/arch/xtensa/core/libarch__xtensa__core.a(xtensa-asm2.c.obj)
                              (--whole-archive)
zephyr/arch/arch/xtensa/core/libarch__xtensa__core.a(irq_manage.c.obj)
                              (--whole-archive)
zephyr/arch/arch/xtensa/core/libarch__xtensa__core.a(atomic.S.obj)
                              (--whole-archive)
zephyr/lib/libc/minimal/liblib__libc__minimal.a(atoi.c.obj)
                              (--whole-archive)
zephyr/lib/libc/minimal/liblib__libc__minimal.a(strtol.c.obj)
                              (--whole-archive)
zephyr/lib/libc/minimal/liblib__libc__minimal.a(strtoul.c.obj)
                              (--whole-archive)
zephyr/lib/libc/minimal/liblib__libc__minimal.a(malloc.c.obj)
                              (--whole-archive)
zephyr/lib/libc/minimal/liblib__libc__minimal.a(bsearch.c.obj)
                              (--whole-archive)
zephyr/lib/libc/minimal/liblib__libc__minimal.a(exit.c.obj)
                              (--whole-archive)
zephyr/lib/libc/minimal/liblib__libc__minimal.a(strncasecmp.c.obj)
                              (--whole-archive)
zephyr/lib/libc/minimal/liblib__libc__minimal.a(strstr.c.obj)
                              (--whole-archive)
zephyr/lib/libc/minimal/liblib__libc__minimal.a(string.c.obj)
                              (--whole-archive)
zephyr/lib/libc/minimal/liblib__libc__minimal.a(strspn.c.obj)
                              (--whole-archive)
zephyr/lib/libc/minimal/liblib__libc__minimal.a(stdout_console.c.obj)
                              (--whole-archive)
zephyr/lib/libc/minimal/liblib__libc__minimal.a(sprintf.c.obj)
                              (--whole-archive)
zephyr/lib/libc/minimal/liblib__libc__minimal.a(fprintf.c.obj)
                              (--whole-archive)
zephyr/lib/libc/minimal/liblib__libc__minimal.a(gmtime.c.obj)
                              (--whole-archive)
zephyr/lib/posix/liblib__posix.a(pthread_common.c.obj)
                              (--whole-archive)
zephyr/lib/posix/liblib__posix.a(nanosleep.c.obj)
[...]
Memory Configuration

Name             Origin             Length             Attributes
iram0_0_seg      0x0000000040080000 0x0000000000020000 xr
iram0_2_seg      0x00000000400d0018 0x0000000000330000 xr
dram0_0_seg      0x000000003ffb0000 0x0000000000050000 rw
drom0_0_seg      0x000000003f400010 0x0000000000800000 r
rtc_iram_seg     0x00000000400c0000 0x0000000000002000 xrw
rtc_slow_seg     0x0000000050000000 0x0000000000001000 rw
IDT_LIST         0x000000003ebfe010 0x0000000000002000 rw
*default*        0x0000000000000000 0xffffffffffffffff

Linker script and memory map

LOAD zephyr/CMakeFiles/zephyr_final.dir/misc/empty_file.c.obj
LOAD zephyr/CMakeFiles/zephyr_final.dir/isr_tables.c.obj
                [!provide]                        PROVIDE (__stack = 0x3ffe3f20)
                0x0000000040009200                PROVIDE (esp32_rom_uart_tx_one_char = 0x40009200)
                [!provide]                        PROVIDE (esp32_rom_uart_rx_one_char = 0x400092d0)
                [!provide]                        PROVIDE (esp32_rom_uart_attach = 0x40008fd0)
                0x0000000040009278                PROVIDE (esp32_rom_uart_tx_wait_idle = 0x40009278)
                0x000000004000681c                PROVIDE (esp32_rom_intr_matrix_set = 0x4000681c)
                0x0000000040009edc                PROVIDE (esp32_rom_gpio_matrix_in = 0x40009edc)
                0x0000000040009f0c                PROVIDE (esp32_rom_gpio_matrix_out = 0x40009f0c)
                0x0000000040009a14                PROVIDE (esp32_rom_Cache_Flush = 0x40009a14)
                0x0000000040009a84                PROVIDE (esp32_rom_Cache_Read_Enable = 0x40009a84)
                0x000000004000689c                PROVIDE (esp32_rom_ets_set_appcpu_boot_addr = 0x4000689c)
                [!provide]                        PROVIDE (esp32_rom_i2c_readReg = 0x40004148)
                0x00000000400041a4                PROVIDE (esp32_rom_i2c_writeReg = 0x400041a4)
                [!provide]                        PROVIDE (_ResetVector = 0x40000400)
                0x0000000000000000                _rom_store_table = 0x0
                [!provide]                        PROVIDE (_memmap_vecbase_reset = 0x40000450)
                [!provide]                        PROVIDE (_memmap_reset_vector = 0x40000400)

.rel.plt        0x0000000000000000        0x0
 *(SORT_BY_ALIGNMENT(.rel.plt))
                [!provide]                        PROVIDE (__rel_iplt_start = .)
 *(SORT_BY_ALIGNMENT(.rel.iplt))
                [!provide]                        PROVIDE (__rel_iplt_end = .)

.rela.plt       0x0000000000000000        0x0
 *(SORT_BY_ALIGNMENT(.rela.plt))
                [!provide]                        PROVIDE (__rela_iplt_start = .)
 *(SORT_BY_ALIGNMENT(.rela.iplt))
                [!provide]                        PROVIDE (__rela_iplt_end = .)

.rel.dyn
 *(SORT_BY_ALIGNMENT(.rel.*))

.rela.dyn
 *(SORT_BY_ALIGNMENT(.rela.*))

.rtc.text       0x00000000400c0000        0x0
                0x00000000400c0000                . = ALIGN (0x4)
 *(SORT_BY_ALIGNMENT(.rtc.literal) SORT_BY_ALIGNMENT(.rtc.text))
 *rtc_wake_stub*.o(SORT_BY_ALIGNMENT(.literal) SORT_BY_ALIGNMENT(.text) SORT_BY_ALIGNMENT(.literal.*) SORT_BY_ALIGNMENT(.text.*))

.rtc.data       0x0000000050000000        0x0
                0x0000000050000000                _rtc_data_start = ABSOLUTE (.)
 *(SORT_BY_ALIGNMENT(.rtc.data))
 *(SORT_BY_ALIGNMENT(.rtc.rodata))
 *rtc_wake_stub*.o(SORT_BY_ALIGNMENT(.data) SORT_BY_ALIGNMENT(.rodata) SORT_BY_ALIGNMENT(.data.*) SORT_BY_ALIGNMENT(.rodata.*) SORT_BY_ALIGNMENT(.bss) SORT_BY_ALIGNMENT(.bss.*))
                0x0000000050000000                _rtc_data_end = ABSOLUTE (.)

.rtc.bss        0x0000000050000000        0x0
                0x0000000050000000                _rtc_bss_start = ABSOLUTE (.)
 *rtc_wake_stub*.o(SORT_BY_ALIGNMENT(.bss) SORT_BY_ALIGNMENT(.bss.*))
 *rtc_wake_stub*.o(SORT_BY_ALIGNMENT(COMMON))
                0x0000000050000000                _rtc_bss_end = ABSOLUTE (.)

.iram0.vectors  0x0000000040080000      0x400
                0x0000000040080000                _init_start = ABSOLUTE (.)
                0x0000000000000000                . = 0x0
 *(SORT_BY_ALIGNMENT(.WindowVectors.text))
 .WindowVectors.text
                0x0000000040080000      0x16a zephyr/arch/arch/xtensa/core/libarch__xtensa__core.a(window_vectors.S.obj)
                0x0000000040080000                _WindowOverflow4
                0x0000000040080040                _WindowUnderflow4
                0x0000000040080050                _xt_alloca_exc
                0x0000000040080080                _WindowOverflow8
                0x00000000400800c0                _WindowUnderflow8
                0x0000000040080100                _WindowOverflow12
                0x0000000040080140                _WindowUnderflow12
                0x0000000000000180                . = 0x180
 *fill*         0x000000004008016a       0x16 
 *(SORT_BY_ALIGNMENT(.Level2InterruptVector.text))
 .Level2InterruptVector.text
                0x0000000040080180       0x29 zephyr/arch/arch/xtensa/core/libarch__xtensa__core.a(xtensa-asm2-util.S.obj)
                0x0000000040080180                _Level2Vector
                0x00000000000001c0                . = 0x1c0
 *fill*         0x00000000400801a9       0x17 
 *(SORT_BY_ALIGNMENT(.Level3InterruptVector.text))
 .Level3InterruptVector.text
                0x00000000400801c0       0x25 zephyr/arch/arch/xtensa/core/libarch__xtensa__core.a(xtensa-asm2-util.S.obj)
                                         0x29 (size before relaxing)
                0x00000000400801c0                _Level3Vector
                0x0000000000000200                . = 0x200
 *fill*         0x00000000400801e5       0x1b 
 *(SORT_BY_ALIGNMENT(.Level4InterruptVector.text))
 .Level4InterruptVector.text
                0x0000000040080200       0x25 zephyr/arch/arch/xtensa/core/libarch__xtensa__core.a(xtensa-asm2-util.S.obj)
                                         0x29 (size before relaxing)
                0x0000000040080200                _Level4Vector
                0x0000000000000240                . = 0x240
 *fill*         0x0000000040080225       0x1b 
 *(SORT_BY_ALIGNMENT(.Level5InterruptVector.text))
 .Level5InterruptVector.text
                0x0000000040080240       0x25 zephyr/arch/arch/xtensa/core/libarch__xtensa__core.a(xtensa-asm2-util.S.obj)
                                         0x29 (size before relaxing)
                0x0000000040080240                _Level5Vector
                0x0000000000000280                . = 0x280
 *fill*         0x0000000040080265       0x1b 
 *(SORT_BY_ALIGNMENT(.DebugExceptionVector.text))
 .DebugExceptionVector.text
                0x0000000040080280       0x25 zephyr/arch/arch/xtensa/core/libarch__xtensa__core.a(xtensa-asm2-util.S.obj)
                                         0x29 (size before relaxing)
                0x0000000040080280                _Level6Vector
                0x00000000000002c0                . = 0x2c0
 *fill*         0x00000000400802a5       0x1b 
 *(SORT_BY_ALIGNMENT(.NMIExceptionVector.text))
 .NMIExceptionVector.text
                0x00000000400802c0       0x25 zephyr/arch/arch/xtensa/core/libarch__xtensa__core.a(xtensa-asm2-util.S.obj)
                                         0x29 (size before relaxing)
                0x00000000400802c0                _Level7Vector
                0x0000000000000300                . = 0x300
 *fill*         0x00000000400802e5       0x1b 
 *(SORT_BY_ALIGNMENT(.KernelExceptionVector.text))
 .KernelExceptionVector.text
                0x0000000040080300        0x3 zephyr/arch/arch/xtensa/core/libarch__xtensa__core.a(xtensa-asm2-util.S.obj)
                0x0000000040080300                _KernelExceptionVector
                0x0000000000000340                . = 0x340
 *fill*         0x0000000040080303       0x3d 
 *(SORT_BY_ALIGNMENT(.UserExceptionVector.text))
 .UserExceptionVector.text
                0x0000000040080340       0x12 zephyr/arch/arch/xtensa/core/libarch__xtensa__core.a(xtensa-asm2-util.S.obj)
                0x0000000040080340                _Level1RealVector
                0x00000000000003c0                . = 0x3c0
 *fill*         0x0000000040080352       0x6e 
 *(SORT_BY_ALIGNMENT(.DoubleExceptionVector.text))
 .DoubleExceptionVector.text
                0x00000000400803c0        0x6 zephyr/arch/arch/xtensa/core/libarch__xtensa__core.a(xtensa-asm2-util.S.obj)
                0x00000000400803c0                _DoubleExceptionVector
                0x0000000000000400                . = 0x400
 *fill*         0x00000000400803c6       0x3a 
 *(SORT_BY_ALIGNMENT(.*Vector.literal))
 *(SORT_BY_ALIGNMENT(.UserEnter.literal))
 *(SORT_BY_ALIGNMENT(.UserEnter.text))
                0x0000000040080400                . = ALIGN (0x10)
 *(SORT_BY_ALIGNMENT(.entry.text))
 *(SORT_BY_ALIGNMENT(.init.literal))
 *(SORT_BY_ALIGNMENT(.init))
                0x0000000040080400                _init_end = ABSOLUTE (.)
                0x0000000000000000                _iram_start = ABSOLUTE (0x0)

devices         0x000000003ffb0000       0x84
                0x000000003ffb0000                __device_start = .
                0x000000003ffb0000                __device_PRE_KERNEL_1_start = .
 *(SORT_BY_NAME(SORT_BY_ALIGNMENT(.device_PRE_KERNEL_1[0-9]*)))
 .device_PRE_KERNEL_130
                0x000000003ffb0000       0x10 zephyr/libzephyr.a(clock_control_esp32.c.obj)
 .device_PRE_KERNEL_150
                0x000000003ffb0010       0x10 zephyr/drivers/serial/libdrivers__serial.a(uart_esp32.c.obj)
 *(SORT_BY_NAME(SORT_BY_ALIGNMENT(.device_PRE_KERNEL_1[1-9][0-9]*)))
                0x000000003ffb0020                __device_PRE_KERNEL_2_start = .
 *(SORT_BY_NAME(SORT_BY_ALIGNMENT(.device_PRE_KERNEL_2[0-9]*)))
 .device_PRE_KERNEL_20
                0x000000003ffb0020       0x10 zephyr/libzephyr.a(sys_clock_init.c.obj)
 .device_PRE_KERNEL_240
                0x000000003ffb0030       0x10 zephyr/libzephyr.a(pinmux_esp32.c.obj)
 *(SORT_BY_NAME(SORT_BY_ALIGNMENT(.device_PRE_KERNEL_2[1-9][0-9]*)))
                0x000000003ffb0040                __device_POST_KERNEL_start = .
 *(SORT_BY_NAME(SORT_BY_ALIGNMENT(.device_POST_KERNEL[0-9]*)))
 .device_POST_KERNEL50
                0x000000003ffb0040       0x20 zephyr/drivers/gpio/libdrivers__gpio.a(gpio_esp32.c.obj)
 .device_POST_KERNEL60
                0x000000003ffb0060       0x20 zephyr/drivers/i2c/libdrivers__i2c.a(i2c_esp32.c.obj)
 *(SORT_BY_NAME(SORT_BY_ALIGNMENT(.device_POST_KERNEL[1-9][0-9]*)))
                0x000000003ffb0080                __device_APPLICATION_start = .
 *(SORT_BY_NAME(SORT_BY_ALIGNMENT(.device_APPLICATION[0-9]*)))
 *(SORT_BY_NAME(SORT_BY_ALIGNMENT(.device_APPLICATION[1-9][0-9]*)))
                0x000000003ffb0080                __device_SMP_start = .
 *(SORT_BY_NAME(SORT_BY_ALIGNMENT(.device_SMP[0-9]*)))
 *(SORT_BY_NAME(SORT_BY_ALIGNMENT(.device_SMP[1-9][0-9]*)))
                0x000000003ffb0080                __device_end = .
 FILL mask 0x00
                0x000000003ffb0080                __device_init_status_start = .
                0x000000003ffb0084                . = (. + (((((__device_end - __device_start) / 0x10) + 0x1f) / 0x20) * 0x4))
 *fill*         0x000000003ffb0080        0x4 00
                0x000000003ffb0084                __device_init_status_end = .

initshell       0x000000003ffb0084        0x0
                0x000000003ffb0084                __shell_module_start = .
 *(SORT_BY_ALIGNMENT(.shell_module_*))
                0x000000003ffb0084                __shell_module_end = .
                0x000000003ffb0084                __shell_cmd_start = .
 *(SORT_BY_ALIGNMENT(.shell_cmd_*))
                0x000000003ffb0084                __shell_cmd_end = .

log_dynamic_sections
                0x000000003ffb0084        0x0
                0x000000003ffb0084                __log_dynamic_start = .
 *(SORT_BY_NAME(SORT_BY_ALIGNMENT(.log_dynamic_*)))
                0x000000003ffb0084                __log_dynamic_end = .

_static_thread_data_area
                0x000000003ffb0084        0x0
                0x000000003ffb0084                __static_thread_data_list_start = .
 *(SORT_BY_NAME(SORT_BY_ALIGNMENT(.__static_thread_data.static.*)))
                0x000000003ffb0084                __static_thread_data_list_end = .

k_timer_area    0x000000003ffb0084        0x0
                0x000000003ffb0084                _k_timer_list_start = .
 *(SORT_BY_NAME(SORT_BY_ALIGNMENT(._k_timer.static.*)))
                0x000000003ffb0084                _k_timer_list_end = .

k_mem_slab_area
                0x000000003ffb0084        0x0
                0x000000003ffb0084                _k_mem_slab_list_start = .
 *(SORT_BY_NAME(SORT_BY_ALIGNMENT(._k_mem_slab.static.*)))
                0x000000003ffb0084                _k_mem_slab_list_end = .

k_mem_pool_area
                0x000000003ffb0084        0x0
                0x000000003ffb0084                _k_mem_pool_list_start = .
 *(SORT_BY_NAME(SORT_BY_ALIGNMENT(._k_mem_pool.static.*)))
                0x000000003ffb0084                _k_mem_pool_list_end = .

k_heap_area     0x000000003ffb0084        0x0
                0x000000003ffb0084                _k_heap_list_start = .
 *(SORT_BY_NAME(SORT_BY_ALIGNMENT(._k_heap.static.*)))
                0x000000003ffb0084                _k_heap_list_end = .

k_mutex_area    0x000000003ffb0084       0x14
                0x000000003ffb0084                _k_mutex_list_start = .
 *(SORT_BY_NAME(SORT_BY_ALIGNMENT(._k_mutex.static.*)))
 ._k_mutex.static.fdtable_lock
                0x000000003ffb0084       0x14 zephyr/libzephyr.a(fdtable.c.obj)
                0x000000003ffb0098                _k_mutex_list_end = .

k_stack_area    0x000000003ffb0098        0x0
                0x000000003ffb0098                _k_stack_list_start = .
 *(SORT_BY_NAME(SORT_BY_ALIGNMENT(._k_stack.static.*)))
                0x000000003ffb0098                _k_stack_list_end = .

k_msgq_area     0x000000003ffb0098        0x0
                0x000000003ffb0098                _k_msgq_list_start = .
 *(SORT_BY_NAME(SORT_BY_ALIGNMENT(._k_msgq.static.*)))
                0x000000003ffb0098                _k_msgq_list_end = .

k_mbox_area     0x000000003ffb0098        0x0
                0x000000003ffb0098                _k_mbox_list_start = .
 *(SORT_BY_NAME(SORT_BY_ALIGNMENT(._k_mbox.static.*)))
                0x000000003ffb0098                _k_mbox_list_end = .

k_pipe_area     0x000000003ffb0098        0x0
                0x000000003ffb0098                _k_pipe_list_start = .
 *(SORT_BY_NAME(SORT_BY_ALIGNMENT(._k_pipe.static.*)))
                0x000000003ffb0098                _k_pipe_list_end = .

k_sem_area      0x000000003ffb0098        0x0
                0x000000003ffb0098                _k_sem_list_start = .
 *(SORT_BY_NAME(SORT_BY_ALIGNMENT(._k_sem.static.*)))
                0x000000003ffb0098                _k_sem_list_end = .

k_queue_area    0x000000003ffb0098        0x0
                0x000000003ffb0098                _k_queue_list_start = .
 *(SORT_BY_NAME(SORT_BY_ALIGNMENT(._k_queue.static.*)))
                0x000000003ffb0098                _k_queue_list_end = .

_net_buf_pool_area
                0x000000003ffb0098        0x0
                0x000000003ffb0098                _net_buf_pool_list = .
 *(SORT_BY_NAME(SORT_BY_ALIGNMENT(._net_buf_pool.static.*)))

initlevel       0x0000000040080400       0x50
                0x0000000040080400                __init_start = .
                0x0000000040080400                __init_PRE_KERNEL_1_start = .
 *(SORT_BY_NAME(SORT_BY_ALIGNMENT(.init_PRE_KERNEL_1[0-9]*)))
 .init_PRE_KERNEL_130
                0x0000000040080400        0x8 zephyr/libzephyr.a(clock_control_esp32.c.obj)
 .init_PRE_KERNEL_130
                0x0000000040080408        0x8 zephyr/kernel/libkernel.a(kheap.c.obj)
 .init_PRE_KERNEL_150
                0x0000000040080410        0x8 zephyr/drivers/serial/libdrivers__serial.a(uart_esp32.c.obj)
 .init_PRE_KERNEL_160
                0x0000000040080418        0x8 zephyr/libzephyr.a(uart_console.c.obj)
 *(SORT_BY_NAME(SORT_BY_ALIGNMENT(.init_PRE_KERNEL_1[1-9][0-9]*)))
                0x0000000040080420                __init_PRE_KERNEL_2_start = .
 *(SORT_BY_NAME(SORT_BY_ALIGNMENT(.init_PRE_KERNEL_2[0-9]*)))
 .init_PRE_KERNEL_20
                0x0000000040080420        0x8 zephyr/libzephyr.a(sys_clock_init.c.obj)
 .init_PRE_KERNEL_240
                0x0000000040080428        0x8 zephyr/libzephyr.a(pinmux_esp32.c.obj)
 *(SORT_BY_NAME(SORT_BY_ALIGNMENT(.init_PRE_KERNEL_2[1-9][0-9]*)))
                0x0000000040080430                __init_POST_KERNEL_start = .
 *(SORT_BY_NAME(SORT_BY_ALIGNMENT(.init_POST_KERNEL[0-9]*)))
 .init_POST_KERNEL50
                0x0000000040080430       0x10 zephyr/drivers/gpio/libdrivers__gpio.a(gpio_esp32.c.obj)
 .init_POST_KERNEL60
                0x0000000040080440       0x10 zephyr/drivers/i2c/libdrivers__i2c.a(i2c_esp32.c.obj)
 *(SORT_BY_NAME(SORT_BY_ALIGNMENT(.init_POST_KERNEL[1-9][0-9]*)))
                0x0000000040080450                __init_APPLICATION_start = .
 *(SORT_BY_NAME(SORT_BY_ALIGNMENT(.init_APPLICATION[0-9]*)))
 *(SORT_BY_NAME(SORT_BY_ALIGNMENT(.init_APPLICATION[1-9][0-9]*)))
                0x0000000040080450                __init_SMP_start = .
 *(SORT_BY_NAME(SORT_BY_ALIGNMENT(.init_SMP[0-9]*)))
 *(SORT_BY_NAME(SORT_BY_ALIGNMENT(.init_SMP[1-9][0-9]*)))
                0x0000000040080450                __init_end = .

sw_isr_table    0x0000000040080450      0x100
                0x0000000040080450                . = ALIGN (0x0)
 *(SORT_BY_ALIGNMENT(.gnu.linkonce.sw_isr_table*))
 .gnu.linkonce.sw_isr_table*
                0x0000000040080450      0x100 zephyr/CMakeFiles/zephyr_final.dir/isr_tables.c.obj
                0x0000000040080450                _sw_isr_table

initlevel_error
                0x0000000000000000        0x0
 *(SORT_BY_NAME(SORT_BY_ALIGNMENT(.init_[_A-Z0-9]*)))
                0x0000000000000001                ASSERT ((SIZEOF (initlevel_error) == 0x0), Undefined initialization levels used.)

app_shmem_regions
                0x0000000040080550        0x0
                0x0000000040080550                __app_shmem_regions_start = .
 *(SORT_BY_NAME(SORT_BY_ALIGNMENT(.app_regions.*)))
                0x0000000040080550                __app_shmem_regions_end = .

bt_l2cap_fixed_chan_area
                0x0000000040080550        0x0
                0x0000000040080550                _bt_l2cap_fixed_chan_list_start = .
 *(SORT_BY_NAME(SORT_BY_ALIGNMENT(._bt_l2cap_fixed_chan.static.*)))
                0x0000000040080550                _bt_l2cap_fixed_chan_list_end = .

bt_gatt_service_static_area
                0x0000000040080550        0x0
                0x0000000040080550                _bt_gatt_service_static_list_start = .
 *(SORT_BY_NAME(SORT_BY_ALIGNMENT(._bt_gatt_service_static.static.*)))
                0x0000000040080550                _bt_gatt_service_static_list_end = .

log_const_sections
                0x0000000040080550        0x0
                0x0000000040080550                __log_const_start = .
 *(SORT_BY_NAME(SORT_BY_ALIGNMENT(.log_const_*)))
                0x0000000040080550                __log_const_end = .

log_backends_sections
                0x0000000040080550        0x0
                0x0000000040080550                __log_backends_start = .
 *(SORT_BY_ALIGNMENT(._log_backend.*))
                0x0000000040080550                __log_backends_end = .

shell_area      0x0000000040080550        0x0
                0x0000000040080550                _shell_list_start = .
 *(SORT_BY_NAME(SORT_BY_ALIGNMENT(._shell.static.*)))
                0x0000000040080550                _shell_list_end = .

shell_root_cmds_sections
                0x0000000040080550        0x0
                0x0000000040080550                __shell_root_cmds_start = .
 *(SORT_BY_NAME(SORT_BY_ALIGNMENT(.shell_root_cmd_*)))
                0x0000000040080550                __shell_root_cmds_end = .

font_entry_sections
                0x0000000040080550        0x0
                0x0000000040080550                __font_entry_start = .
 *(SORT_BY_NAME(SORT_BY_ALIGNMENT(._cfb_font.*)))
                0x0000000040080550                __font_entry_end = .

tracing_backend_area
                0x0000000040080550        0x0
                0x0000000040080550                _tracing_backend_list_start = .
 *(SORT_BY_NAME(SORT_BY_ALIGNMENT(._tracing_backend.static.*)))
                0x0000000040080550                _tracing_backend_list_end = .

text            0x0000000040080550     0x36a6
                0x0000000040080550                _iram_text_start = ABSOLUTE (.)
 *(SORT_BY_ALIGNMENT(.iram1) SORT_BY_ALIGNMENT(.iram1.*))
 .iram1.literal
                0x0000000040080550       0x24 zephyr/libzephyr.a(soc.c.obj)
                                         0x2c (size before relaxing)
 .literal.k_msleep
                0x0000000040080574        0x0 app/libapp.a(main.c.obj)
                                          0x4 (size before relaxing)
 .literal.main  0x0000000040080574       0x58 app/libapp.a(main.c.obj)
                                        0x118 (size before relaxing)
 .literal.print_digits
                0x00000000400805cc        0x4 zephyr/libzephyr.a(printk.c.obj)
                                          0xc (size before relaxing)
 .literal.char_out
                0x00000000400805d0        0x4 zephyr/libzephyr.a(printk.c.obj)
 .literal.__printk_hook_install
                0x00000000400805d4        0x0 zephyr/libzephyr.a(printk.c.obj)
                                          0x4 (size before relaxing)
 .literal.z_vprintk
                0x00000000400805d4        0x0 zephyr/libzephyr.a(printk.c.obj)
                                          0x4 (size before relaxing)
 .literal.vprintk
                0x00000000400805d4        0x4 zephyr/libzephyr.a(printk.c.obj)
                                          0x8 (size before relaxing)
 .literal.printk
                0x00000000400805d8        0x0 zephyr/libzephyr.a(printk.c.obj)
                                          0x4 (size before relaxing)
 .literal.z_thread_entry
                0x00000000400805d8        0x0 zephyr/libzephyr.a(thread_entry.c.obj)
                                          0x8 (size before relaxing)
 .literal.chunk_field
                0x00000000400805d8        0x4 zephyr/libzephyr.a(heap.c.obj)
 .literal.chunk_set
                0x00000000400805dc        0x0 zephyr/libzephyr.a(heap.c.obj)
                                          0x4 (size before relaxing)
 .literal.chunk_size
                0x00000000400805dc        0x0 zephyr/libzephyr.a(heap.c.obj)
                                          0x4 (size before relaxing)
 .literal.set_chunk_used
                0x00000000400805dc        0x0 zephyr/libzephyr.a(heap.c.obj)
                                          0x4 (size before relaxing)
 .literal.set_chunk_size
                0x00000000400805dc        0x0 zephyr/libzephyr.a(heap.c.obj)
                                          0x4 (size before relaxing)
 .literal.bucket_idx
                0x00000000400805dc        0x0 zephyr/libzephyr.a(heap.c.obj)
                                          0x4 (size before relaxing)
 .literal.free_list_add
                0x00000000400805dc        0x0 zephyr/libzephyr.a(heap.c.obj)
                                         0x24 (size before relaxing)
 .literal.sys_heap_init
                0x00000000400805dc        0x8 zephyr/libzephyr.a(heap.c.obj)
                                         0x30 (size before relaxing)
 .literal.arch_printk_char_out
                0x00000000400805e4        0x4 zephyr/libzephyr.a(soc.c.obj)
                                          0x8 (size before relaxing)
 .literal.uart_console_init
                0x00000000400805e8        0xc zephyr/libzephyr.a(uart_console.c.obj)
                                         0x18 (size before relaxing)
 .literal.console_out
                0x00000000400805f4        0x0 zephyr/libzephyr.a(uart_console.c.obj)
                                          0x4 (size before relaxing)
 .literal.clock_control_esp32_on
                0x00000000400805f4        0x4 zephyr/libzephyr.a(clock_control_esp32.c.obj)
 .literal.clock_control_esp32_get_status
                0x00000000400805f8        0x0 zephyr/libzephyr.a(clock_control_esp32.c.obj)
                                          0x4 (size before relaxing)
 .literal.clock_control_esp32_get_rate
                0x00000000400805f8        0xc zephyr/libzephyr.a(clock_control_esp32.c.obj)
 .literal.clock_control_esp32_init
                0x0000000040080604       0x38 zephyr/libzephyr.a(clock_control_esp32.c.obj)
                                         0x68 (size before relaxing)
 .literal.clock_control_esp32_off
                0x000000004008063c        0x0 zephyr/libzephyr.a(clock_control_esp32.c.obj)
                                          0x4 (size before relaxing)
 .literal.set_reg
                0x000000004008063c        0x8 zephyr/libzephyr.a(pinmux_esp32.c.obj)
 .literal.pinmux_set
                0x0000000040080644        0x8 zephyr/libzephyr.a(pinmux_esp32.c.obj)
                                          0xc (size before relaxing)
 .literal.pinmux_input
                0x000000004008064c        0x8 zephyr/libzephyr.a(pinmux_esp32.c.obj)
                                          0xc (size before relaxing)
 .literal.pinmux_initialize
                0x0000000040080654        0x0 zephyr/libzephyr.a(pinmux_esp32.c.obj)
                                          0x4 (size before relaxing)
 .literal.pinmux_pullup
                0x0000000040080654        0x0 zephyr/libzephyr.a(pinmux_esp32.c.obj)
                                          0x4 (size before relaxing)
 .literal.pinmux_get
                0x0000000040080654        0x0 zephyr/libzephyr.a(pinmux_esp32.c.obj)
                                          0x8 (size before relaxing)
 .literal.ccompare_isr
                0x0000000040080654        0xc zephyr/libzephyr.a(xtensa_sys_timer.c.obj)
                                         0x10 (size before relaxing)
 .literal.z_clock_driver_init
                0x0000000040080660        0x4 zephyr/libzephyr.a(xtensa_sys_timer.c.obj)
                                          0x8 (size before relaxing)
 .literal.z_clock_set_timeout
                0x0000000040080664        0x8 zephyr/libzephyr.a(xtensa_sys_timer.c.obj)
                                         0x14 (size before relaxing)
 .literal.z_clock_elapsed
                0x000000004008066c        0x0 zephyr/libzephyr.a(xtensa_sys_timer.c.obj)
                                          0x8 (size before relaxing)
 .literal.z_xtensa_fatal_error
                0x000000004008066c        0x0 zephyr/arch/arch/xtensa/core/libarch__xtensa__core.a(fatal.c.obj)
                                          0x8 (size before relaxing)
 .literal       0x000000004008066c        0x4 zephyr/arch/arch/xtensa/core/libarch__xtensa__core.a(xtensa-asm2-util.S.obj)
                                          0x8 (size before relaxing)
 .literal.xtensa_init_stack
                0x0000000040080670        0x8 zephyr/arch/arch/xtensa/core/libarch__xtensa__core.a(xtensa-asm2.c.obj)
                                          0xc (size before relaxing)
 .literal.arch_new_thread
                0x0000000040080678        0x0 zephyr/arch/arch/xtensa/core/libarch__xtensa__core.a(xtensa-asm2.c.obj)
                                          0x4 (size before relaxing)
 .literal.z_irq_spurious
                0x0000000040080678        0x0 zephyr/arch/arch/xtensa/core/libarch__xtensa__core.a(xtensa-asm2.c.obj)
                                          0x4 (size before relaxing)
 .literal.xtensa_int2_c
                0x0000000040080678       0x10 zephyr/arch/arch/xtensa/core/libarch__xtensa__core.a(xtensa-asm2.c.obj)
                                         0x14 (size before relaxing)
 .literal.xtensa_int3_c
                0x0000000040080688       0x10 zephyr/arch/arch/xtensa/core/libarch__xtensa__core.a(xtensa-asm2.c.obj)
                                         0x24 (size before relaxing)
 .literal.xtensa_int4_c
                0x0000000040080698       0x14 zephyr/arch/arch/xtensa/core/libarch__xtensa__core.a(xtensa-asm2.c.obj)
                                         0x1c (size before relaxing)
 .literal.xtensa_int5_c
                0x00000000400806ac        0xc zephyr/arch/arch/xtensa/core/libarch__xtensa__core.a(xtensa-asm2.c.obj)
                                         0x14 (size before relaxing)
 .literal.xtensa_int6_c
                0x00000000400806b8        0x0 zephyr/arch/arch/xtensa/core/libarch__xtensa__core.a(xtensa-asm2.c.obj)
                                          0x4 (size before relaxing)
 .literal.xtensa_int7_c
                0x00000000400806b8        0x4 zephyr/arch/arch/xtensa/core/libarch__xtensa__core.a(xtensa-asm2.c.obj)
                                          0xc (size before relaxing)
 .literal.xtensa_excint1_c
                0x00000000400806bc       0x10 zephyr/arch/arch/xtensa/core/libarch__xtensa__core.a(xtensa-asm2.c.obj)
                                         0x20 (size before relaxing)
 .literal.__stdout_hook_install
                0x00000000400806cc        0x4 zephyr/lib/libc/minimal/liblib__libc__minimal.a(stdout_console.c.obj)
 .literal.gpio_esp32_pin_interrupt_configure
                0x00000000400806d0        0xc zephyr/drivers/gpio/libdrivers__gpio.a(gpio_esp32.c.obj)
                                         0x20 (size before relaxing)
 .literal.gpio_esp32_isr
                0x00000000400806dc        0x8 zephyr/drivers/gpio/libdrivers__gpio.a(gpio_esp32.c.obj)
                                         0x10 (size before relaxing)
 .literal.gpio_esp32_init
                0x00000000400806e4        0xc zephyr/drivers/gpio/libdrivers__gpio.a(gpio_esp32.c.obj)
                                         0x10 (size before relaxing)
 .literal.gpio_esp32_config
                0x00000000400806f0        0x0 zephyr/drivers/gpio/libdrivers__gpio.a(gpio_esp32.c.obj)
                                          0x4 (size before relaxing)
 .literal.i2c_esp32_isr
                0x00000000400806f0        0x8 zephyr/drivers/i2c/libdrivers__i2c.a(i2c_esp32.c.obj)
                                          0xc (size before relaxing)
 .literal.i2c_esp32_reset_fifo$isra$0
                0x00000000400806f8        0x8 zephyr/drivers/i2c/libdrivers__i2c.a(i2c_esp32.c.obj)
                                          0xc (size before relaxing)
 .literal.i2c_esp32_write_addr
                0x0000000040080700        0x4 zephyr/drivers/i2c/libdrivers__i2c.a(i2c_esp32.c.obj)
                                          0x8 (size before relaxing)
 .literal.i2c_esp32_configure_pins
                0x0000000040080704       0x14 zephyr/drivers/i2c/libdrivers__i2c.a(i2c_esp32.c.obj)
                                         0x18 (size before relaxing)
 .literal.i2c_esp32_configure
                0x0000000040080718       0x3c zephyr/drivers/i2c/libdrivers__i2c.a(i2c_esp32.c.obj)
                                         0x4c (size before relaxing)
 .literal.i2c_esp32_transmit
                0x0000000040080754        0x8 zephyr/drivers/i2c/libdrivers__i2c.a(i2c_esp32.c.obj)
                                         0x14 (size before relaxing)
 .literal.i2c_esp32_init
                0x000000004008075c       0x14 zephyr/drivers/i2c/libdrivers__i2c.a(i2c_esp32.c.obj)
                                         0x2c (size before relaxing)
 .literal.i2c_esp32_wait$isra$1
                0x0000000040080770        0x4 zephyr/drivers/i2c/libdrivers__i2c.a(i2c_esp32.c.obj)
                                          0xc (size before relaxing)
 .literal.i2c_esp32_transfer
                0x0000000040080774       0x10 zephyr/drivers/i2c/libdrivers__i2c.a(i2c_esp32.c.obj)
                                         0x4c (size before relaxing)
 .literal.uart_esp32_configure
                0x0000000040080784        0x8 zephyr/drivers/serial/libdrivers__serial.a(uart_esp32.c.obj)
                                         0x20 (size before relaxing)
 .literal.uart_esp32_init
                0x000000004008078c        0x0 zephyr/drivers/serial/libdrivers__serial.a(uart_esp32.c.obj)
                                          0x8 (size before relaxing)
 .literal.z_sys_init_run_level
                0x000000004008078c        0xc zephyr/kernel/libkernel.a(device.c.obj)
 .literal.z_device_ready
                0x0000000040080798        0x0 zephyr/kernel/libkernel.a(device.c.obj)
                                          0x8 (size before relaxing)
 .literal.z_impl_device_get_binding
                0x0000000040080798        0x0 zephyr/kernel/libkernel.a(device.c.obj)
                                         0x14 (size before relaxing)
 .literal.k_sys_fatal_error_handler
                0x0000000040080798        0x0 zephyr/kernel/libkernel.a(fatal.c.obj)
                                          0x4 (size before relaxing)
 .literal.z_fatal_error
                0x0000000040080798        0x0 zephyr/kernel/libkernel.a(fatal.c.obj)
                                          0xc (size before relaxing)
 .literal.bg_thread_main
                0x0000000040080798       0x14 zephyr/kernel/libkernel.a(init.c.obj)
                                         0x28 (size before relaxing)
 .literal.z_cstart
                0x00000000400807ac       0x2c zephyr/kernel/libkernel.a(init.c.obj)
                                         0x5c (size before relaxing)
 .literal.z_reset_time_slice
                0x00000000400807d8        0x4 zephyr/kernel/libkernel.a(sched.c.obj)
                                         0x10 (size before relaxing)
 .literal.z_swap_irqlock
                0x00000000400807dc        0x0 zephyr/kernel/libkernel.a(sched.c.obj)
                                          0xc (size before relaxing)
 .literal.z_swap$isra$14
                0x00000000400807dc        0x0 zephyr/kernel/libkernel.a(sched.c.obj)
                                          0xc (size before relaxing)
 .literal.k_sched_time_slice_set
                0x00000000400807dc        0x4 zephyr/kernel/libkernel.a(sched.c.obj)
                                         0x10 (size before relaxing)
 .literal.z_reschedule
                0x00000000400807e0        0x0 zephyr/kernel/libkernel.a(sched.c.obj)
                                          0x8 (size before relaxing)
 .literal.z_reschedule_irqlock
                0x00000000400807e0        0x0 zephyr/kernel/libkernel.a(sched.c.obj)
                                          0x4 (size before relaxing)
 .literal.z_reschedule_unlocked
                0x00000000400807e0        0x0 zephyr/kernel/libkernel.a(sched.c.obj)
                                          0x4 (size before relaxing)
 .literal.k_sched_lock
                0x00000000400807e0        0x0 zephyr/kernel/libkernel.a(sched.c.obj)
                                          0x4 (size before relaxing)
 .literal.z_get_next_switch_handle
                0x00000000400807e0        0x0 zephyr/kernel/libkernel.a(sched.c.obj)
                                          0x4 (size before relaxing)
 .literal.update_cache
                0x00000000400807e0        0x4 zephyr/kernel/libkernel.a(sched.c.obj)
                                         0x10 (size before relaxing)
 .literal.k_sched_unlock
                0x00000000400807e4        0x0 zephyr/kernel/libkernel.a(sched.c.obj)
                                          0xc (size before relaxing)
 .literal.ready_thread
                0x00000000400807e4        0x0 zephyr/kernel/libkernel.a(sched.c.obj)
                                          0xc (size before relaxing)
 .literal.z_ready_thread
                0x00000000400807e4        0x0 zephyr/kernel/libkernel.a(sched.c.obj)
                                          0x4 (size before relaxing)
 .literal.z_thread_timeout
                0x00000000400807e4        0x0 zephyr/kernel/libkernel.a(sched.c.obj)
                                          0x8 (size before relaxing)
 .literal.z_sched_start
                0x00000000400807e4        0x4 zephyr/kernel/libkernel.a(sched.c.obj)
                                          0xc (size before relaxing)
 .literal.z_move_thread_to_end_of_prio_q
                0x00000000400807e8        0x0 zephyr/kernel/libkernel.a(sched.c.obj)
                                         0x10 (size before relaxing)
 .literal.z_time_slice
                0x00000000400807e8        0x0 zephyr/kernel/libkernel.a(sched.c.obj)
                                         0x18 (size before relaxing)
 .literal.z_impl_k_thread_suspend
                0x00000000400807e8        0x0 zephyr/kernel/libkernel.a(sched.c.obj)
                                         0x14 (size before relaxing)
 .literal.z_thread_single_abort
                0x00000000400807e8        0x0 zephyr/kernel/libkernel.a(sched.c.obj)
                                         0x20 (size before relaxing)
 .literal.unready_thread
                0x00000000400807e8        0x0 zephyr/kernel/libkernel.a(sched.c.obj)
                                          0xc (size before relaxing)
 .literal.z_remove_thread_from_ready_q
                0x00000000400807e8        0x0 zephyr/kernel/libkernel.a(sched.c.obj)
                                          0x4 (size before relaxing)
 .literal.z_tick_sleep$part$23
                0x00000000400807e8        0x4 zephyr/kernel/libkernel.a(sched.c.obj)
                                         0x1c (size before relaxing)
 .literal.add_to_waitq_locked
                0x00000000400807ec        0x0 zephyr/kernel/libkernel.a(sched.c.obj)
                                          0x4 (size before relaxing)
 .literal.pend  0x00000000400807ec        0x0 zephyr/kernel/libkernel.a(sched.c.obj)
                                          0xc (size before relaxing)
 .literal.z_pend_curr
                0x00000000400807ec        0x0 zephyr/kernel/libkernel.a(sched.c.obj)
                                          0xc (size before relaxing)
 .literal.z_unpend_first_thread
                0x00000000400807ec        0x0 zephyr/kernel/libkernel.a(sched.c.obj)
                                          0xc (size before relaxing)
 .literal.z_sched_init
                0x00000000400807ec        0x0 zephyr/kernel/libkernel.a(sched.c.obj)
                                          0xc (size before relaxing)
 .literal.z_impl_k_yield
                0x00000000400807ec        0x0 zephyr/kernel/libkernel.a(sched.c.obj)
                                         0x18 (size before relaxing)
 .literal.z_impl_k_sleep
                0x00000000400807ec        0x4 zephyr/kernel/libkernel.a(sched.c.obj)
                                         0x1c (size before relaxing)
 .literal.z_impl_k_current_get
                0x00000000400807f0        0x0 zephyr/kernel/libkernel.a(sched.c.obj)
                                          0x4 (size before relaxing)
 .literal.z_impl_k_sem_give
                0x00000000400807f0        0x4 zephyr/kernel/libkernel.a(sem.c.obj)
                                         0x10 (size before relaxing)
 .literal.z_impl_k_sem_take
                0x00000000400807f4        0x0 zephyr/kernel/libkernel.a(sem.c.obj)
                                          0x8 (size before relaxing)
 .literal.z_setup_new_thread
                0x00000000400807f4        0x0 zephyr/kernel/libkernel.a(thread.c.obj)
                                          0x8 (size before relaxing)
 .literal.z_init_static_threads
                0x00000000400807f4        0x4 zephyr/kernel/libkernel.a(thread.c.obj)
                                         0x20 (size before relaxing)
 .literal.z_impl_k_thread_abort
                0x00000000400807f8        0x0 zephyr/kernel/libkernel.a(thread_abort.c.obj)
                                         0x14 (size before relaxing)
 .literal.elapsed
                0x00000000400807f8        0x4 zephyr/kernel/libkernel.a(timeout.c.obj)
                                          0x8 (size before relaxing)
 .literal.remove_timeout
                0x00000000400807fc        0x4 zephyr/kernel/libkernel.a(timeout.c.obj)
 .literal.next_timeout
                0x0000000040080800        0x4 zephyr/kernel/libkernel.a(timeout.c.obj)
                                         0x10 (size before relaxing)
 .literal.z_add_timeout
                0x0000000040080804        0x4 zephyr/kernel/libkernel.a(timeout.c.obj)
                                         0x18 (size before relaxing)
 .literal.z_abort_timeout
                0x0000000040080808        0x0 zephyr/kernel/libkernel.a(timeout.c.obj)
                                          0x4 (size before relaxing)
 .literal.z_get_next_timeout_expiry
                0x0000000040080808        0x0 zephyr/kernel/libkernel.a(timeout.c.obj)
                                          0x4 (size before relaxing)
 .literal.z_set_timeout_expiry
                0x0000000040080808        0x0 zephyr/kernel/libkernel.a(timeout.c.obj)
                                          0x8 (size before relaxing)
 .literal.z_clock_announce
                0x0000000040080808        0x0 zephyr/kernel/libkernel.a(timeout.c.obj)
                                         0x24 (size before relaxing)
 .literal.z_tick_get
                0x0000000040080808        0x0 zephyr/kernel/libkernel.a(timeout.c.obj)
                                          0x8 (size before relaxing)
 .literal.z_tick_get_32
                0x0000000040080808        0x0 zephyr/kernel/libkernel.a(timeout.c.obj)
                                          0x4 (size before relaxing)
 .literal.idle  0x0000000040080808        0x0 zephyr/kernel/libkernel.a(idle.c.obj)
                                          0xc (size before relaxing)
 .literal.k_heap_init
                0x0000000040080808        0x0 zephyr/kernel/libkernel.a(kheap.c.obj)
                                          0x4 (size before relaxing)
 .literal.statics_init
                0x0000000040080808        0x4 zephyr/kernel/libkernel.a(kheap.c.obj)
                                          0xc (size before relaxing)
 .iram1         0x000000004008080c       0x64 zephyr/libzephyr.a(soc.c.obj)
                                         0x68 (size before relaxing)
                0x000000004008080c                __start
 *(SORT_BY_ALIGNMENT(.iram0.literal) SORT_BY_ALIGNMENT(.iram.literal) SORT_BY_ALIGNMENT(.iram.text.literal) SORT_BY_ALIGNMENT(.iram0.text) SORT_BY_ALIGNMENT(.iram.text))
 .iram0.text    0x0000000040080870       0x2d zephyr/arch/arch/xtensa/core/libarch__xtensa__core.a(xtensa-asm2-util.S.obj)
                0x0000000040080870                _Level1Vector
 *(SORT_BY_ALIGNMENT(.literal) SORT_BY_ALIGNMENT(.text) SORT_BY_ALIGNMENT(.literal.*) SORT_BY_ALIGNMENT(.text.*))
 *fill*         0x000000004008089d        0x3 
 .text.k_msleep
                0x00000000400808a0       0x1a app/libapp.a(main.c.obj)
 *fill*         0x00000000400808ba        0x2 
 .text.main     0x00000000400808bc      0x219 app/libapp.a(main.c.obj)
                                        0x2b1 (size before relaxing)
                0x00000000400808bc                main
 *fill*         0x0000000040080ad5        0x3 
 .text.print_digits
                0x0000000040080ad8       0xb4 zephyr/libzephyr.a(printk.c.obj)
                                         0xb8 (size before relaxing)
 .text.char_out
                0x0000000040080b8c       0x18 zephyr/libzephyr.a(printk.c.obj)
 .text.__printk_hook_install
                0x0000000040080ba4        0xa zephyr/libzephyr.a(printk.c.obj)
                0x0000000040080ba4                __printk_hook_install
 *fill*         0x0000000040080bae        0x2 
 .text.z_vprintk
                0x0000000040080bb0      0x310 zephyr/libzephyr.a(printk.c.obj)
                0x0000000040080bb0                z_vprintk
 .text.vprintk  0x0000000040080ec0       0x1c zephyr/libzephyr.a(printk.c.obj)
                0x0000000040080ec0                vprintk
 .text.printk   0x0000000040080edc       0x22 zephyr/libzephyr.a(printk.c.obj)
                                         0x26 (size before relaxing)
                0x0000000040080edc                printk
 *fill*         0x0000000040080efe        0x2 
 .text.z_thread_entry
                0x0000000040080f00       0x14 zephyr/libzephyr.a(thread_entry.c.obj)
                                         0x18 (size before relaxing)
                0x0000000040080f00                z_thread_entry
 .text.chunk_field
                0x0000000040080f14       0x26 zephyr/libzephyr.a(heap.c.obj)
 *fill*         0x0000000040080f3a        0x2 
 .text.chunk_set
                0x0000000040080f3c       0x26 zephyr/libzephyr.a(heap.c.obj)
 *fill*         0x0000000040080f62        0x2 
 .text.chunk_size
                0x0000000040080f64       0x11 zephyr/libzephyr.a(heap.c.obj)
                                         0x15 (size before relaxing)
 *fill*         0x0000000040080f75        0x3 
 .text.set_chunk_used
                0x0000000040080f78       0x3f zephyr/libzephyr.a(heap.c.obj)
 *fill*         0x0000000040080fb7        0x1 
 .text.set_chunk_size
                0x0000000040080fb8       0x14 zephyr/libzephyr.a(heap.c.obj)
 .text.bucket_idx
                0x0000000040080fcc       0x24 zephyr/libzephyr.a(heap.c.obj)
 .text.free_list_add
                0x0000000040080ff0       0x8a zephyr/libzephyr.a(heap.c.obj)
                                         0xa2 (size before relaxing)
 *fill*         0x000000004008107a        0x2 
 .text.sys_heap_init
                0x000000004008107c       0xa8 zephyr/libzephyr.a(heap.c.obj)
                                         0xc4 (size before relaxing)
                0x000000004008107c                sys_heap_init
 .text.arch_printk_char_out
                0x0000000040081124       0x1b zephyr/libzephyr.a(soc.c.obj)
                0x0000000040081124                arch_printk_char_out
 *fill*         0x000000004008113f        0x1 
 .text.uart_console_init
                0x0000000040081140       0x20 zephyr/libzephyr.a(uart_console.c.obj)
                                         0x28 (size before relaxing)
 .text.console_out
                0x0000000040081160       0x22 zephyr/libzephyr.a(uart_console.c.obj)
 *fill*         0x0000000040081182        0x2 
 .text.clock_control_esp32_on
                0x0000000040081184       0x3d zephyr/libzephyr.a(clock_control_esp32.c.obj)
 *fill*         0x00000000400811c1        0x3 
 .text.clock_control_esp32_get_status
                0x00000000400811c4       0x27 zephyr/libzephyr.a(clock_control_esp32.c.obj)
 *fill*         0x00000000400811eb        0x1 
 .text.clock_control_esp32_get_rate
                0x00000000400811ec       0x3c zephyr/libzephyr.a(clock_control_esp32.c.obj)
 .text.clock_control_esp32_init
                0x0000000040081228      0x1d7 zephyr/libzephyr.a(clock_control_esp32.c.obj)
                                        0x1db (size before relaxing)
 *fill*         0x00000000400813ff        0x1 
 .text.clock_control_esp32_off
                0x0000000040081400       0x3d zephyr/libzephyr.a(clock_control_esp32.c.obj)
 *fill*         0x000000004008143d        0x3 
 .text.set_reg  0x0000000040081440       0x34 zephyr/libzephyr.a(pinmux_esp32.c.obj)
 .text.pinmux_set
                0x0000000040081474       0x20 zephyr/libzephyr.a(pinmux_esp32.c.obj)
 .text.pinmux_input
                0x0000000040081494       0x5a zephyr/libzephyr.a(pinmux_esp32.c.obj)
                                         0x5e (size before relaxing)
 *fill*         0x00000000400814ee        0x2 
 .text.pinmux_initialize
                0x00000000400814f0       0x1f zephyr/libzephyr.a(pinmux_esp32.c.obj)
 *fill*         0x000000004008150f        0x1 
 .text.pinmux_pullup
                0x0000000040081510       0x2a zephyr/libzephyr.a(pinmux_esp32.c.obj)
                                         0x2d (size before relaxing)
 *fill*         0x000000004008153a        0x2 
 .text.pinmux_get
                0x000000004008153c       0x2a zephyr/libzephyr.a(pinmux_esp32.c.obj)
 *fill*         0x0000000040081566        0x2 
 .text.ccompare_isr
                0x0000000040081568       0x32 zephyr/libzephyr.a(xtensa_sys_timer.c.obj)
 *fill*         0x000000004008159a        0x2 
 .text.z_clock_driver_init
                0x000000004008159c       0x21 zephyr/libzephyr.a(xtensa_sys_timer.c.obj)
                0x000000004008159c                z_clock_driver_init
 *fill*         0x00000000400815bd        0x3 
 .text.z_clock_set_timeout
                0x00000000400815c0       0x5f zephyr/libzephyr.a(xtensa_sys_timer.c.obj)
                0x00000000400815c0                z_clock_set_timeout
 *fill*         0x000000004008161f        0x1 
 .text.z_clock_elapsed
                0x0000000040081620       0x22 zephyr/libzephyr.a(xtensa_sys_timer.c.obj)
                0x0000000040081620                z_clock_elapsed
 *fill*         0x0000000040081642        0x2 
 .text.z_xtensa_fatal_error
                0x0000000040081644       0x16 zephyr/arch/arch/xtensa/core/libarch__xtensa__core.a(fatal.c.obj)
                                         0x1a (size before relaxing)
                0x0000000040081644                z_xtensa_fatal_error
 *fill*         0x000000004008165a        0x2 
 .text          0x000000004008165c      0x1ef zephyr/arch/arch/xtensa/core/libarch__xtensa__core.a(xtensa-asm2-util.S.obj)
                                        0x1f3 (size before relaxing)
                0x000000004008165c                xtensa_spill_reg_windows
                0x000000004008167c                xtensa_save_high_regs
                0x00000000400816c4                xtensa_restore_high_regs
                0x00000000400816f9                _restore_context
                0x0000000040081730                xtensa_switch
 *fill*         0x000000004008184b        0x1 
 .text.xtensa_init_stack
                0x000000004008184c       0x51 zephyr/arch/arch/xtensa/core/libarch__xtensa__core.a(xtensa-asm2.c.obj)
                                         0x55 (size before relaxing)
                0x000000004008184c                xtensa_init_stack
 *fill*         0x000000004008189d        0x3 
 .text.arch_new_thread
                0x00000000400818a0       0x15 zephyr/arch/arch/xtensa/core/libarch__xtensa__core.a(xtensa-asm2.c.obj)
                                         0x19 (size before relaxing)
                0x00000000400818a0                arch_new_thread
 *fill*         0x00000000400818b5        0x3 
 .text.z_irq_spurious
                0x00000000400818b8       0x12 zephyr/arch/arch/xtensa/core/libarch__xtensa__core.a(xtensa-asm2.c.obj)
                                         0x16 (size before relaxing)
                0x00000000400818b8                z_irq_spurious
 *fill*         0x00000000400818ca        0x2 
 .text.xtensa_int2_c
                0x00000000400818cc       0x54 zephyr/arch/arch/xtensa/core/libarch__xtensa__core.a(xtensa-asm2.c.obj)
                0x00000000400818cc                xtensa_int2_c
 .text.xtensa_int3_c
                0x0000000040081920       0x7a zephyr/arch/arch/xtensa/core/libarch__xtensa__core.a(xtensa-asm2.c.obj)
                0x0000000040081920                xtensa_int3_c
 *fill*         0x000000004008199a        0x2 
 .text.xtensa_int4_c
                0x000000004008199c       0x62 zephyr/arch/arch/xtensa/core/libarch__xtensa__core.a(xtensa-asm2.c.obj)
                0x000000004008199c                xtensa_int4_c
 *fill*         0x00000000400819fe        0x2 
 .text.xtensa_int5_c
                0x0000000040081a00       0x58 zephyr/arch/arch/xtensa/core/libarch__xtensa__core.a(xtensa-asm2.c.obj)
                0x0000000040081a00                xtensa_int5_c
 .text.xtensa_int6_c
                0x0000000040081a58       0x15 zephyr/arch/arch/xtensa/core/libarch__xtensa__core.a(xtensa-asm2.c.obj)
                0x0000000040081a58                xtensa_int6_c
 *fill*         0x0000000040081a6d        0x3 
 .text.xtensa_int7_c
                0x0000000040081a70       0x34 zephyr/arch/arch/xtensa/core/libarch__xtensa__core.a(xtensa-asm2.c.obj)
                0x0000000040081a70                xtensa_int7_c
 .text.xtensa_excint1_c
                0x0000000040081aa4      0x149 zephyr/arch/arch/xtensa/core/libarch__xtensa__core.a(xtensa-asm2.c.obj)
                                        0x14d (size before relaxing)
                0x0000000040081aa4                xtensa_excint1_c
 *fill*         0x0000000040081bed        0x3 
 .text.__stdout_hook_install
                0x0000000040081bf0        0xa zephyr/lib/libc/minimal/liblib__libc__minimal.a(stdout_console.c.obj)
                0x0000000040081bf0                __stdout_hook_install
 *fill*         0x0000000040081bfa        0x2 
 .text.gpio_esp32_pin_interrupt_configure
                0x0000000040081bfc       0x69 zephyr/drivers/gpio/libdrivers__gpio.a(gpio_esp32.c.obj)
 *fill*         0x0000000040081c65        0x3 
 .text.gpio_esp32_isr
                0x0000000040081c68       0x11 zephyr/drivers/gpio/libdrivers__gpio.a(gpio_esp32.c.obj)
                                         0x17 (size before relaxing)
 *fill*         0x0000000040081c79        0x3 
 .text.gpio_esp32_init
                0x0000000040081c7c       0x4e zephyr/drivers/gpio/libdrivers__gpio.a(gpio_esp32.c.obj)
                                         0x52 (size before relaxing)
 *fill*         0x0000000040081cca        0x2 
 .text.gpio_esp32_config
                0x0000000040081ccc       0xb2 zephyr/drivers/gpio/libdrivers__gpio.a(gpio_esp32.c.obj)
 *fill*         0x0000000040081d7e        0x2 
 .text.i2c_esp32_isr
                0x0000000040081d80       0x41 zephyr/drivers/i2c/libdrivers__i2c.a(i2c_esp32.c.obj)
 *fill*         0x0000000040081dc1        0x3 
 .text.i2c_esp32_reset_fifo$isra$0
                0x0000000040081dc4       0x32 zephyr/drivers/i2c/libdrivers__i2c.a(i2c_esp32.c.obj)
 *fill*         0x0000000040081df6        0x2 
 .text.i2c_esp32_write_addr
                0x0000000040081df8       0x62 zephyr/drivers/i2c/libdrivers__i2c.a(i2c_esp32.c.obj)
                                         0x66 (size before relaxing)
 *fill*         0x0000000040081e5a        0x2 
 .text.i2c_esp32_configure_pins
                0x0000000040081e5c       0x64 zephyr/drivers/i2c/libdrivers__i2c.a(i2c_esp32.c.obj)
 .text.i2c_esp32_configure
                0x0000000040081ec0      0x25e zephyr/drivers/i2c/libdrivers__i2c.a(i2c_esp32.c.obj)
                                        0x266 (size before relaxing)
 *fill*         0x000000004008211e        0x2 
 .text.i2c_esp32_transmit
                0x0000000040082120       0x5f zephyr/drivers/i2c/libdrivers__i2c.a(i2c_esp32.c.obj)
                                         0x63 (size before relaxing)
 *fill*         0x000000004008217f        0x1 
 .text.i2c_esp32_init
                0x0000000040082180       0xad zephyr/drivers/i2c/libdrivers__i2c.a(i2c_esp32.c.obj)
                                         0xbd (size before relaxing)
 *fill*         0x000000004008222d        0x3 
 .text.i2c_esp32_wait$isra$1
                0x0000000040082230       0x64 zephyr/drivers/i2c/libdrivers__i2c.a(i2c_esp32.c.obj)
 .text.i2c_esp32_transfer
                0x0000000040082294      0x240 zephyr/drivers/i2c/libdrivers__i2c.a(i2c_esp32.c.obj)
                                        0x25c (size before relaxing)
 .text.uart_esp32_configure
                0x00000000400824d4      0x112 zephyr/drivers/serial/libdrivers__serial.a(uart_esp32.c.obj)
 *fill*         0x00000000400825e6        0x2 
 .text.uart_esp32_init
                0x00000000400825e8       0x1c zephyr/drivers/serial/libdrivers__serial.a(uart_esp32.c.obj)
                                         0x20 (size before relaxing)
 .text.z_sys_init_run_level
                0x0000000040082604       0x57 zephyr/kernel/libkernel.a(device.c.obj)
                0x0000000040082604                z_sys_init_run_level
 *fill*         0x000000004008265b        0x1 
 .text.z_device_ready
                0x000000004008265c       0x30 zephyr/kernel/libkernel.a(device.c.obj)
                0x000000004008265c                z_device_ready
 .text.z_impl_device_get_binding
                0x000000004008268c       0x52 zephyr/kernel/libkernel.a(device.c.obj)
                                         0x56 (size before relaxing)
                0x000000004008268c                z_impl_device_get_binding
 *fill*         0x00000000400826de        0x2 
 .text.k_sys_fatal_error_handler
                0x00000000400826e0        0x8 zephyr/kernel/libkernel.a(fatal.c.obj)
                                          0xc (size before relaxing)
                0x00000000400826e0                k_sys_fatal_error_handler
 .text.z_fatal_error
                0x00000000400826e8       0x20 zephyr/kernel/libkernel.a(fatal.c.obj)
                                         0x28 (size before relaxing)
                0x00000000400826e8                z_fatal_error
 .text.bg_thread_main
                0x0000000040082708       0x38 zephyr/kernel/libkernel.a(init.c.obj)
                                         0x48 (size before relaxing)
 .text.z_cstart
                0x0000000040082740       0xeb zephyr/kernel/libkernel.a(init.c.obj)
                                        0x107 (size before relaxing)
                0x0000000040082740                z_cstart
 *fill*         0x000000004008282b        0x1 
 .text.z_reset_time_slice
                0x000000004008282c       0x22 zephyr/kernel/libkernel.a(sched.c.obj)
                                         0x26 (size before relaxing)
                0x000000004008282c                z_reset_time_slice
 *fill*         0x000000004008284e        0x2 
 .text.z_swap_irqlock
                0x0000000040082850       0x2d zephyr/kernel/libkernel.a(sched.c.obj)
                                         0x35 (size before relaxing)
 *fill*         0x000000004008287d        0x3 
 .text.z_swap$isra$14
                0x0000000040082880       0x2d zephyr/kernel/libkernel.a(sched.c.obj)
                                         0x35 (size before relaxing)
 *fill*         0x00000000400828ad        0x3 
 .text.k_sched_time_slice_set
                0x00000000400828b0       0x2d zephyr/kernel/libkernel.a(sched.c.obj)
                0x00000000400828b0                k_sched_time_slice_set
 *fill*         0x00000000400828dd        0x3 
 .text.z_reschedule
                0x00000000400828e0       0x2c zephyr/kernel/libkernel.a(sched.c.obj)
                0x00000000400828e0                z_reschedule
 .text.z_reschedule_irqlock
                0x000000004008290c       0x24 zephyr/kernel/libkernel.a(sched.c.obj)
                0x000000004008290c                z_reschedule_irqlock
 .text.z_reschedule_unlocked
                0x0000000040082930        0xb zephyr/kernel/libkernel.a(sched.c.obj)
                                          0xe (size before relaxing)
 *fill*         0x000000004008293b        0x1 
 .text.k_sched_lock
                0x000000004008293c       0x1b zephyr/kernel/libkernel.a(sched.c.obj)
                0x000000004008293c                k_sched_lock
 *fill*         0x0000000040082957        0x1 
 .text.z_get_next_switch_handle
                0x0000000040082958       0x19 zephyr/kernel/libkernel.a(sched.c.obj)
                0x0000000040082958                z_get_next_switch_handle
 *fill*         0x0000000040082971        0x3 
 .text.update_cache
                0x0000000040082974       0x4a zephyr/kernel/libkernel.a(sched.c.obj)
 *fill*         0x00000000400829be        0x2 
 .text.k_sched_unlock
                0x00000000400829c0       0x26 zephyr/kernel/libkernel.a(sched.c.obj)
                                         0x2a (size before relaxing)
                0x00000000400829c0                k_sched_unlock
 *fill*         0x00000000400829e6        0x2 
 .text.ready_thread
                0x00000000400829e8       0x7a zephyr/kernel/libkernel.a(sched.c.obj)
 *fill*         0x0000000040082a62        0x2 
 .text.z_ready_thread
                0x0000000040082a64       0x13 zephyr/kernel/libkernel.a(sched.c.obj)
                                         0x16 (size before relaxing)
                0x0000000040082a64                z_ready_thread
 *fill*         0x0000000040082a77        0x1 
 .text.z_thread_timeout
                0x0000000040082a78       0x3e zephyr/kernel/libkernel.a(sched.c.obj)
                                         0x42 (size before relaxing)
                0x0000000040082a78                z_thread_timeout
 *fill*         0x0000000040082ab6        0x2 
 .text.z_sched_start
                0x0000000040082ab8       0x32 zephyr/kernel/libkernel.a(sched.c.obj)
                                         0x36 (size before relaxing)
                0x0000000040082ab8                z_sched_start
 *fill*         0x0000000040082aea        0x2 
 .text.z_move_thread_to_end_of_prio_q
                0x0000000040082aec       0x7c zephyr/kernel/libkernel.a(sched.c.obj)
                0x0000000040082aec                z_move_thread_to_end_of_prio_q
 .text.z_time_slice
                0x0000000040082b68       0x4f zephyr/kernel/libkernel.a(sched.c.obj)
                                         0x53 (size before relaxing)
                0x0000000040082b68                z_time_slice
 *fill*         0x0000000040082bb7        0x1 
 .text.z_impl_k_thread_suspend
                0x0000000040082bb8       0x4f zephyr/kernel/libkernel.a(sched.c.obj)
                                         0x5b (size before relaxing)
                0x0000000040082bb8                z_impl_k_thread_suspend
 *fill*         0x0000000040082c07        0x1 
 .text.z_thread_single_abort
                0x0000000040082c08       0xb0 zephyr/kernel/libkernel.a(sched.c.obj)
                                         0xc4 (size before relaxing)
                0x0000000040082c08                z_thread_single_abort
 .text.unready_thread
                0x0000000040082cb8       0x2f zephyr/kernel/libkernel.a(sched.c.obj)
                                         0x33 (size before relaxing)
 *fill*         0x0000000040082ce7        0x1 
 .text.z_remove_thread_from_ready_q
                0x0000000040082ce8       0x13 zephyr/kernel/libkernel.a(sched.c.obj)
                                         0x16 (size before relaxing)
                0x0000000040082ce8                z_remove_thread_from_ready_q
 *fill*         0x0000000040082cfb        0x1 
 .text.z_tick_sleep$part$23
                0x0000000040082cfc       0x45 zephyr/kernel/libkernel.a(sched.c.obj)
                                         0x51 (size before relaxing)
 *fill*         0x0000000040082d41        0x3 
 .text.add_to_waitq_locked
                0x0000000040082d44       0x52 zephyr/kernel/libkernel.a(sched.c.obj)
                                         0x56 (size before relaxing)
 *fill*         0x0000000040082d96        0x2 
 .text.pend     0x0000000040082d98       0x2a zephyr/kernel/libkernel.a(sched.c.obj)
                                         0x2e (size before relaxing)
 *fill*         0x0000000040082dc2        0x2 
 .text.z_pend_curr
                0x0000000040082dc4       0x1c zephyr/kernel/libkernel.a(sched.c.obj)
                                         0x20 (size before relaxing)
                0x0000000040082dc4                z_pend_curr
 .text.z_unpend_first_thread
                0x0000000040082de0       0x3a zephyr/kernel/libkernel.a(sched.c.obj)
                                         0x42 (size before relaxing)
                0x0000000040082de0                z_unpend_first_thread
 *fill*         0x0000000040082e1a        0x2 
 .text.z_sched_init
                0x0000000040082e1c       0x1a zephyr/kernel/libkernel.a(sched.c.obj)
                0x0000000040082e1c                z_sched_init
 *fill*         0x0000000040082e36        0x2 
 .text.z_impl_k_yield
                0x0000000040082e38       0x7e zephyr/kernel/libkernel.a(sched.c.obj)
                                         0x86 (size before relaxing)
                0x0000000040082e38                z_impl_k_yield
 *fill*         0x0000000040082eb6        0x2 
 .text.z_impl_k_sleep
                0x0000000040082eb8       0x41 zephyr/kernel/libkernel.a(sched.c.obj)
                                         0x49 (size before relaxing)
                0x0000000040082eb8                z_impl_k_sleep
 *fill*         0x0000000040082ef9        0x3 
 .text.z_impl_k_current_get
                0x0000000040082efc        0xa zephyr/kernel/libkernel.a(sched.c.obj)
                0x0000000040082efc                z_impl_k_current_get
 *fill*         0x0000000040082f06        0x2 
 .text.z_impl_k_sem_give
                0x0000000040082f08       0x3a zephyr/kernel/libkernel.a(sem.c.obj)
                                         0x3e (size before relaxing)
                0x0000000040082f08                z_impl_k_sem_give
 *fill*         0x0000000040082f42        0x2 
 .text.z_impl_k_sem_take
                0x0000000040082f44       0x3a zephyr/kernel/libkernel.a(sem.c.obj)
                                         0x3d (size before relaxing)
                0x0000000040082f44                z_impl_k_sem_take
 *fill*         0x0000000040082f7e        0x2 
 .text.z_setup_new_thread
                0x0000000040082f80       0x55 zephyr/kernel/libkernel.a(thread.c.obj)
                                         0x59 (size before relaxing)
                0x0000000040082f80                z_setup_new_thread
 *fill*         0x0000000040082fd5        0x3 
 .text.z_init_static_threads
                0x0000000040082fd8       0x78 zephyr/kernel/libkernel.a(thread.c.obj)
                                         0x86 (size before relaxing)
                0x0000000040082fd8                z_init_static_threads
 *fill*         0x0000000040083050        0x0 
 .text.z_impl_k_thread_abort
                0x0000000040083050       0x45 zephyr/kernel/libkernel.a(thread_abort.c.obj)
                                         0x54 (size before relaxing)
                0x0000000040083050                z_impl_k_thread_abort
 *fill*         0x0000000040083095        0x3 
 .text.elapsed  0x0000000040083098       0x14 zephyr/kernel/libkernel.a(timeout.c.obj)
                                         0x18 (size before relaxing)
 .text.remove_timeout
                0x00000000400830ac       0x38 zephyr/kernel/libkernel.a(timeout.c.obj)
 .text.next_timeout
                0x00000000400830e4       0x28 zephyr/kernel/libkernel.a(timeout.c.obj)
                                         0x2c (size before relaxing)
 .text.z_add_timeout
                0x000000004008310c      0x142 zephyr/kernel/libkernel.a(timeout.c.obj)
                                        0x14a (size before relaxing)
                0x000000004008310c                z_add_timeout
 *fill*         0x000000004008324e        0x2 
 .text.z_abort_timeout
                0x0000000040083250       0x1e zephyr/kernel/libkernel.a(timeout.c.obj)
                                         0x22 (size before relaxing)
                0x0000000040083250                z_abort_timeout
 *fill*         0x000000004008326e        0x2 
 .text.z_get_next_timeout_expiry
                0x0000000040083270       0x13 zephyr/kernel/libkernel.a(timeout.c.obj)
                                         0x16 (size before relaxing)
                0x0000000040083270                z_get_next_timeout_expiry
 *fill*         0x0000000040083283        0x1 
 .text.z_set_timeout_expiry
                0x0000000040083284       0x3c zephyr/kernel/libkernel.a(timeout.c.obj)
                0x0000000040083284                z_set_timeout_expiry
 .text.z_clock_announce
                0x00000000400832c0       0xb5 zephyr/kernel/libkernel.a(timeout.c.obj)
                                         0xc1 (size before relaxing)
                0x00000000400832c0                z_clock_announce
 *fill*         0x0000000040083375        0x3 
 .text.z_tick_get
                0x0000000040083378       0x26 zephyr/kernel/libkernel.a(timeout.c.obj)
                0x0000000040083378                z_tick_get
 *fill*         0x000000004008339e        0x2 
 .text.z_tick_get_32
                0x00000000400833a0        0xa zephyr/kernel/libkernel.a(timeout.c.obj)
                                          0xd (size before relaxing)
                0x00000000400833a0                z_tick_get_32
 *fill*         0x00000000400833aa        0x2 
 .text.idle     0x00000000400833ac       0x1b zephyr/kernel/libkernel.a(idle.c.obj)
                                         0x25 (size before relaxing)
                0x00000000400833ac                idle
 *fill*         0x00000000400833c7        0x1 
 .text.k_heap_init
                0x00000000400833c8       0x17 zephyr/kernel/libkernel.a(kheap.c.obj)
                0x00000000400833c8                k_heap_init
 *fill*         0x00000000400833df        0x1 
 .text.statics_init
                0x00000000400833e0       0x22 zephyr/kernel/libkernel.a(kheap.c.obj)
 *fill*         0x0000000040083402        0x0 
 *fill*         0x0000000040083402        0x2 
 .text.i2c_read
                0x0000000040083404       0x20 app/libapp.a(main.c.obj)
 .text.i2c_write
                0x0000000040083424       0x20 app/libapp.a(main.c.obj)
 *fill*         0x0000000040083444        0x0 
 *fill*         0x0000000040083444        0x0 
 *fill*         0x0000000040083444        0x0 
 *fill*         0x0000000040083444        0x0 
 *fill*         0x0000000040083444        0x0 
 *fill*         0x0000000040083444        0x0 
 *fill*         0x0000000040083444        0x0 
 *fill*         0x0000000040083444        0x0 
 .text._ConfigAbsSyms
                0x0000000040083444        0x5 zephyr/libzephyr.a(configs.c.obj)
                0x0000000040083444                _ConfigAbsSyms
 *fill*         0x0000000040083449        0x0 
 *fill*         0x0000000040083449        0x0 
 *fill*         0x0000000040083449        0x0 
 *fill*         0x0000000040083449        0x0 
 *fill*         0x0000000040083449        0x0 
 *fill*         0x0000000040083449        0x0 
 *fill*         0x0000000040083449        0x0 
 *fill*         0x0000000040083449        0x0 
 *fill*         0x0000000040083449        0x0 
 *fill*         0x0000000040083449        0x0 
 *fill*         0x0000000040083449        0x0 
 *fill*         0x0000000040083449        0x0 
 *fill*         0x0000000040083449        0x0 
 *fill*         0x0000000040083449        0x0 
 *fill*         0x0000000040083449        0x3 
 .text.arch_cpu_idle
                0x000000004008344c        0x8 zephyr/arch/arch/xtensa/core/libarch__xtensa__core.a(cpu_idle.c.obj)
                0x000000004008344c                arch_cpu_idle
 *fill*         0x0000000040083454        0x0 
 *fill*         0x0000000040083454        0x0 
 *fill*         0x0000000040083454        0x0 
 *fill*         0x0000000040083454        0x0 
 *fill*         0x0000000040083454        0x0 
 .text.z_xtensa_dump_stack
                0x0000000040083454        0x5 zephyr/arch/arch/xtensa/core/libarch__xtensa__core.a(xtensa-asm2.c.obj)
                0x0000000040083454                z_xtensa_dump_stack
 *fill*         0x0000000040083459        0x0 
 *fill*         0x0000000040083459        0x0 
 *fill*         0x0000000040083459        0x0 
 *fill*         0x0000000040083459        0x0 
 *fill*         0x0000000040083459        0x3 
 .text.strcmp   0x000000004008345c       0x1b zephyr/lib/libc/minimal/liblib__libc__minimal.a(string.c.obj)
                0x000000004008345c                strcmp
 *fill*         0x0000000040083477        0x1 
 .text.memset   0x0000000040083478       0x56 zephyr/lib/libc/minimal/liblib__libc__minimal.a(string.c.obj)
                0x0000000040083478                memset
 *fill*         0x00000000400834ce        0x2 
 .text._stdout_hook_default
                0x00000000400834d0        0x7 zephyr/lib/libc/minimal/liblib__libc__minimal.a(stdout_console.c.obj)
 *fill*         0x00000000400834d7        0x0 
 *fill*         0x00000000400834d7        0x1 
 .text.gpio_esp32_port_get_raw
                0x00000000400834d8       0x12 zephyr/drivers/gpio/libdrivers__gpio.a(gpio_esp32.c.obj)
 *fill*         0x00000000400834ea        0x2 
 .text.gpio_esp32_port_set_masked_raw
                0x00000000400834ec       0x27 zephyr/drivers/gpio/libdrivers__gpio.a(gpio_esp32.c.obj)
 *fill*         0x0000000040083513        0x1 
 .text.gpio_esp32_port_set_bits_raw
                0x0000000040083514       0x10 zephyr/drivers/gpio/libdrivers__gpio.a(gpio_esp32.c.obj)
 .text.gpio_esp32_port_clear_bits_raw
                0x0000000040083524       0x10 zephyr/drivers/gpio/libdrivers__gpio.a(gpio_esp32.c.obj)
 .text.gpio_esp32_port_toggle_bits
                0x0000000040083534       0x21 zephyr/drivers/gpio/libdrivers__gpio.a(gpio_esp32.c.obj)
 *fill*         0x0000000040083555        0x0 
 *fill*         0x0000000040083555        0x3 
 .text.gpio_esp32_manage_callback
                0x0000000040083558       0x5e zephyr/drivers/gpio/libdrivers__gpio.a(gpio_esp32.c.obj)
 *fill*         0x00000000400835b6        0x2 
 .text.gpio_esp32_fire_callbacks
                0x00000000400835b8       0x33 zephyr/drivers/gpio/libdrivers__gpio.a(gpio_esp32.c.obj)
 *fill*         0x00000000400835eb        0x0 
 *fill*         0x00000000400835eb        0x0 
 *fill*         0x00000000400835eb        0x0 
 *fill*         0x00000000400835eb        0x1 
 .text.i2c_esp32_connect_irq_0
                0x00000000400835ec        0x5 zephyr/drivers/i2c/libdrivers__i2c.a(i2c_esp32.c.obj)
 *fill*         0x00000000400835f1        0x0 
 *fill*         0x00000000400835f1        0x0 
 *fill*         0x00000000400835f1        0x0 
 *fill*         0x00000000400835f1        0x3 
 .text.i2c_esp32_connect_irq_1
                0x00000000400835f4        0x5 zephyr/drivers/i2c/libdrivers__i2c.a(i2c_esp32.c.obj)
 *fill*         0x00000000400835f9        0x0 
 *fill*         0x00000000400835f9        0x0 
 *fill*         0x00000000400835f9        0x0 
 *fill*         0x00000000400835f9        0x3 
 .text.uart_esp32_poll_in
                0x00000000400835fc       0x1f zephyr/drivers/serial/libdrivers__serial.a(uart_esp32.c.obj)
 *fill*         0x000000004008361b        0x1 
 .text.uart_esp32_poll_out
                0x000000004008361c       0x1f zephyr/drivers/serial/libdrivers__serial.a(uart_esp32.c.obj)
 *fill*         0x000000004008363b        0x1 
 .text.uart_esp32_err_check
                0x000000004008363c       0x1f zephyr/drivers/serial/libdrivers__serial.a(uart_esp32.c.obj)
 *fill*         0x000000004008365b        0x1 
 .text.uart_esp32_config_get
                0x000000004008365c       0x59 zephyr/drivers/serial/libdrivers__serial.a(uart_esp32.c.obj)
 *fill*         0x00000000400836b5        0x0 
 *fill*         0x00000000400836b5        0x0 
 *fill*         0x00000000400836b5        0x0 
 *fill*         0x00000000400836b5        0x3 
 .text.arch_system_halt
                0x00000000400836b8        0x9 zephyr/kernel/libkernel.a(fatal.c.obj)
                0x00000000400836b8                arch_system_halt
 *fill*         0x00000000400836c1        0x0 
 *fill*         0x00000000400836c1        0x3 
 .text.sys_dlist_remove
                0x00000000400836c4       0x13 zephyr/kernel/libkernel.a(sched.c.obj)
 *fill*         0x00000000400836d7        0x0 
 *fill*         0x00000000400836d7        0x0 
 *fill*         0x00000000400836d7        0x0 
 *fill*         0x00000000400836d7        0x0 
 *fill*         0x00000000400836d7        0x0 
 *fill*         0x00000000400836d7        0x0 
 *fill*         0x00000000400836d7        0x0 
 *fill*         0x00000000400836d7        0x1 
 .text.z_priq_dumb_best
                0x00000000400836d8       0x10 zephyr/kernel/libkernel.a(sched.c.obj)
                0x00000000400836d8                z_priq_dumb_best
 *fill*         0x00000000400836e8        0x0 
 *fill*         0x00000000400836e8        0x0 
 *fill*         0x00000000400836e8        0x0 
 *fill*         0x00000000400836e8        0x0 
 *fill*         0x00000000400836e8        0x0 
 *fill*         0x00000000400836e8        0x0 
 *fill*         0x00000000400836e8        0x0 
 *fill*         0x00000000400836e8        0x0 
 *fill*         0x00000000400836e8        0x0 
 *fill*         0x00000000400836e8        0x0 
 *fill*         0x00000000400836e8        0x0 
 *fill*         0x00000000400836e8        0x0 
 *fill*         0x00000000400836e8        0x0 
 *fill*         0x00000000400836e8        0x0 
 *fill*         0x00000000400836e8        0x0 
 *fill*         0x00000000400836e8        0x0 
 *fill*         0x00000000400836e8        0x0 
 *fill*         0x00000000400836e8        0x0 
 .text.z_impl_k_sem_init
                0x00000000400836e8       0x24 zephyr/kernel/libkernel.a(sem.c.obj)
                0x00000000400836e8                z_impl_k_sem_init
 *fill*         0x000000004008370c        0x0 
 *fill*         0x000000004008370c        0x0 
 *fill*         0x000000004008370c        0x0 
 *fill*         0x000000004008370c        0x0 
 *fill*         0x000000004008370c        0x0 
 *fill*         0x000000004008370c        0x0 
 *fill*         0x000000004008370c        0x0 
 *fill*         0x000000004008370c        0x0 
 *fill*         0x000000004008370c        0x0 
 *fill*         0x000000004008370c        0x0 
 *fill*         0x000000004008370c        0x0 
 *fill*         0x000000004008370c        0x0 
 *fill*         0x000000004008370c        0x0 
 .text._OffsetAbsSyms
                0x000000004008370c        0x5 zephyr/CMakeFiles/offsets.dir/./arch/xtensa/core/offsets/offsets.c.obj
                0x000000004008370c                _OffsetAbsSyms
 *fill*         0x0000000040083711        0x3 
 .text          0x0000000040083714      0x26e /home/alex/.espressif/tools/xtensa-esp32-elf/esp-2020r3-8.4.0/xtensa-esp32-elf/bin/../lib/gcc/xtensa-esp32-elf/8.4.0/libgcc.a(_udivdi3.o)
                0x0000000040083714                __udivdi3
 *fill*         0x0000000040083982        0x2 
 .text          0x0000000040083984      0x272 /home/alex/.espressif/tools/xtensa-esp32-elf/esp-2020r3-8.4.0/xtensa-esp32-elf/bin/../lib/gcc/xtensa-esp32-elf/8.4.0/libgcc.a(_umoddi3.o)
                0x0000000040083984                __umoddi3
                0x0000000040083bf6                _iram_text_end = ABSOLUTE (.)

.dram0.data     0x000000003ffb0098       0x8c
                0x000000003ffb0098                _data_start = ABSOLUTE (.)
 *(SORT_BY_ALIGNMENT(.data))
 *(SORT_BY_ALIGNMENT(.data.*))
 .data._char_out
                0x000000003ffb0098        0x4 zephyr/libzephyr.a(printk.c.obj)
                0x000000003ffb0098                _char_out
 .data.api_funcs
                0x000000003ffb009c       0x10 zephyr/libzephyr.a(pinmux_esp32.c.obj)
 .data._stdout_hook
                0x000000003ffb00ac        0x4 zephyr/lib/libc/minimal/liblib__libc__minimal.a(stdout_console.c.obj)
 .data.gpio_1_cfg
                0x000000003ffb00b0        0x4 zephyr/drivers/gpio/libdrivers__gpio.a(gpio_esp32.c.obj)
 .data.gpio_0_cfg
                0x000000003ffb00b4        0x4 zephyr/drivers/gpio/libdrivers__gpio.a(gpio_esp32.c.obj)
 .data.gpio_1_data
                0x000000003ffb00b8       0x2c zephyr/drivers/gpio/libdrivers__gpio.a(gpio_esp32.c.obj)
 .data.gpio_0_data
                0x000000003ffb00e4       0x2c zephyr/drivers/gpio/libdrivers__gpio.a(gpio_esp32.c.obj)
 .data.uart_esp32_data_0
                0x000000003ffb0110        0xc zephyr/drivers/serial/libdrivers__serial.a(uart_esp32.c.obj)
 .data.timeout_list
                0x000000003ffb011c        0x8 zephyr/kernel/libkernel.a(timeout.c.obj)
 *(SORT_BY_ALIGNMENT(.gnu.linkonce.d.*))
 *(SORT_BY_ALIGNMENT(.data1))
 *(SORT_BY_ALIGNMENT(.sdata))
 *(SORT_BY_ALIGNMENT(.sdata.*))
 *(SORT_BY_ALIGNMENT(.gnu.linkonce.s.*))
 *(SORT_BY_ALIGNMENT(.sdata2))
 *(SORT_BY_ALIGNMENT(.sdata2.*))
 *(SORT_BY_ALIGNMENT(.gnu.linkonce.s2.*))
 *(SORT_BY_ALIGNMENT(.jcr))
 *(SORT_BY_ALIGNMENT(.dram1) SORT_BY_ALIGNMENT(.dram1.*))
                0x000000003ffb0124                _data_end = ABSOLUTE (.)
                0x000000003ffb0124                . = ALIGN (0x4)

rodata          0x000000003ffb0124      0x530
                0x000000003ffb0124                _rodata_start = ABSOLUTE (.)
 *(SORT_BY_ALIGNMENT(.rodata))
 *(SORT_BY_ALIGNMENT(.rodata.*))
 .rodata.esp32_clock_config0
                0x000000003ffb0124       0x10 zephyr/libzephyr.a(clock_control_esp32.c.obj)
 .rodata.clock_control_esp32_api
                0x000000003ffb0134       0x14 zephyr/libzephyr.a(clock_control_esp32.c.obj)
 .rodata.xtal_freq
                0x000000003ffb0148        0x8 zephyr/libzephyr.a(clock_control_esp32.c.obj)
 .rodata.clock_control_regs
                0x000000003ffb0150       0x18 zephyr/libzephyr.a(clock_control_esp32.c.obj)
                0x000000003ffb0150                clock_control_regs
 .rodata.gpio_esp32_driver
                0x000000003ffb0168       0x24 zephyr/drivers/gpio/libdrivers__gpio.a(gpio_esp32.c.obj)
 .rodata.speed_to_freq_tbl$5446
                0x000000003ffb018c       0x18 zephyr/drivers/i2c/libdrivers__i2c.a(i2c_esp32.c.obj)
 .rodata.i2c_esp32_config_1
                0x000000003ffb01a4       0x3c zephyr/drivers/i2c/libdrivers__i2c.a(i2c_esp32.c.obj)
 .rodata.i2c_esp32_config_0
                0x000000003ffb01e0       0x3c zephyr/drivers/i2c/libdrivers__i2c.a(i2c_esp32.c.obj)
 .rodata.i2c_esp32_driver_api
                0x000000003ffb021c       0x14 zephyr/drivers/i2c/libdrivers__i2c.a(i2c_esp32.c.obj)
 .rodata.uart_esp32_cfg_port_0
                0x000000003ffb0230       0x38 zephyr/drivers/serial/libdrivers__serial.a(uart_esp32.c.obj)
 .rodata.uart_esp32_api
                0x000000003ffb0268       0x14 zephyr/drivers/serial/libdrivers__serial.a(uart_esp32.c.obj)
 .rodata.levels$4253
                0x000000003ffb027c       0x14 zephyr/kernel/libkernel.a(device.c.obj)
 .rodata.main.str1.1
                0x000000003ffb0290      0x253 app/libapp.a(main.c.obj)
 .rodata.print_digits.str1.1
                0x000000003ffb04e3       0x11 zephyr/libzephyr.a(printk.c.obj)
 .rodata.uart_console_init.str1.1
                0x000000003ffb04f4        0x7 zephyr/libzephyr.a(uart_console.c.obj)
 .rodata.str1.1
                0x000000003ffb04fb        0x4 zephyr/libzephyr.a(clock_control_esp32.c.obj)
 .rodata.pll_config
                0x000000003ffb04ff       0x1e zephyr/libzephyr.a(clock_control_esp32.c.obj)
                0x000000003ffb04ff                pll_config
 .rodata.offs$4268
                0x000000003ffb051d        0x6 zephyr/libzephyr.a(pinmux_esp32.c.obj)
 .rodata.str1.1
                0x000000003ffb0523        0x7 zephyr/libzephyr.a(pinmux_esp32.c.obj)
 .rodata.pin_mux_off
                0x000000003ffb052a       0x28 zephyr/libzephyr.a(pinmux_esp32.c.obj)
 .rodata.str1.1
                0x000000003ffb0552        0xa zephyr/libzephyr.a(sys_clock_init.c.obj)
 .rodata.gpio_esp32_init.str1.1
                0x000000003ffb055c        0x7 zephyr/drivers/gpio/libdrivers__gpio.a(gpio_esp32.c.obj)
 .rodata.str1.1
                0x000000003ffb055c        0xe zephyr/drivers/gpio/libdrivers__gpio.a(gpio_esp32.c.obj)
 .rodata.i2c_esp32_configure_pins.str1.1
                0x000000003ffb056a        0xe zephyr/drivers/i2c/libdrivers__i2c.a(i2c_esp32.c.obj)
 .rodata.str1.1
                0x000000003ffb056a       0x10 zephyr/drivers/i2c/libdrivers__i2c.a(i2c_esp32.c.obj)
 .rodata.str1.1
                0x000000003ffb056a        0xb zephyr/drivers/serial/libdrivers__serial.a(uart_esp32.c.obj)
 .rodata.bg_thread_main.str1.1
                0x000000003ffb056a       0x43 zephyr/kernel/libkernel.a(init.c.obj)
                                         0x44 (size before relaxing)
 .rodata.z_cstart.str1.1
                0x000000003ffb05ad        0x5 zephyr/kernel/libkernel.a(init.c.obj)
 *(SORT_BY_ALIGNMENT(.gnu.linkonce.r.*))
 *(SORT_BY_ALIGNMENT(.rodata1))
                0x000000003ffb05b2                __XT_EXCEPTION_TABLE__ = ABSOLUTE (.)
 *(SORT_BY_ALIGNMENT(.xt_except_table))
 *(SORT_BY_ALIGNMENT(.gcc_except_table) SORT_BY_ALIGNMENT(.gcc_except_table.*))
 *(SORT_BY_ALIGNMENT(.gnu.linkonce.e.*))
 *(SORT_BY_ALIGNMENT(.gnu.version_r))
 *(SORT_BY_ALIGNMENT(.eh_frame))
 *fill*         0x000000003ffb05b2        0x2 
 .eh_frame      0x000000003ffb05b4       0x28 /home/alex/.espressif/tools/xtensa-esp32-elf/esp-2020r3-8.4.0/xtensa-esp32-elf/bin/../lib/gcc/xtensa-esp32-elf/8.4.0/libgcc.a(_divdi3.o)
 .eh_frame      0x000000003ffb05dc       0x28 /home/alex/.espressif/tools/xtensa-esp32-elf/esp-2020r3-8.4.0/xtensa-esp32-elf/bin/../lib/gcc/xtensa-esp32-elf/8.4.0/libgcc.a(_moddi3.o)
 .eh_frame      0x000000003ffb0604       0x28 /home/alex/.espressif/tools/xtensa-esp32-elf/esp-2020r3-8.4.0/xtensa-esp32-elf/bin/../lib/gcc/xtensa-esp32-elf/8.4.0/libgcc.a(_udivdi3.o)
 .eh_frame      0x000000003ffb062c       0x28 /home/alex/.espressif/tools/xtensa-esp32-elf/esp-2020r3-8.4.0/xtensa-esp32-elf/bin/../lib/gcc/xtensa-esp32-elf/8.4.0/libgcc.a(_umoddi3.o)
 *crtbegin.o(SORT_BY_ALIGNMENT(.ctors))
 *(SORT_BY_ALIGNMENT(EXCLUDE_FILE(*crtend.o) .ctors))
 *(SORT_BY_NAME(SORT_BY_ALIGNMENT(.ctors.*)))
 *(SORT_BY_ALIGNMENT(.ctors))
 *crtbegin.o(SORT_BY_ALIGNMENT(.dtors))
 *(SORT_BY_ALIGNMENT(EXCLUDE_FILE(*crtend.o) .dtors))
 *(SORT_BY_NAME(SORT_BY_ALIGNMENT(.dtors.*)))
 *(SORT_BY_ALIGNMENT(.dtors))
                0x000000003ffb0654                __XT_EXCEPTION_DESCS__ = ABSOLUTE (.)
 *(SORT_BY_ALIGNMENT(.xt_except_desc))
 *(SORT_BY_ALIGNMENT(.gnu.linkonce.h.*))
                0x000000003ffb0654                __XT_EXCEPTION_DESCS_END__ = ABSOLUTE (.)
 *(SORT_BY_ALIGNMENT(.xt_except_desc_end))
 *(SORT_BY_ALIGNMENT(.dynamic))
 *(SORT_BY_ALIGNMENT(.gnu.version_d))
                0x000000003ffb0654                . = ALIGN (0x4)
                0x000000003ffb0654                _rodata_end = ABSOLUTE (.)

bss             0x000000003ffb0658      0x308
                0x000000003ffb0658                . = ALIGN (0x8)
                0x000000003ffb0658                _bss_start = ABSOLUTE (.)
 *(SORT_BY_ALIGNMENT(.dynsbss))
 *(SORT_BY_ALIGNMENT(.sbss))
 *(SORT_BY_ALIGNMENT(.sbss.*))
 *(SORT_BY_ALIGNMENT(.gnu.linkonce.sb.*))
 *(SORT_BY_ALIGNMENT(.scommon))
 *(SORT_BY_ALIGNMENT(.sbss2))
 *(SORT_BY_ALIGNMENT(.sbss2.*))
 *(SORT_BY_ALIGNMENT(.gnu.linkonce.sb2.*))
 *(SORT_BY_ALIGNMENT(.dynbss))
 *(SORT_BY_ALIGNMENT(.bss))
 *(SORT_BY_ALIGNMENT(.bss.*))
 .bss.z_idle_threads
                0x000000003ffb0658      0x180 zephyr/kernel/libkernel.a(init.c.obj)
                0x000000003ffb0658                z_idle_threads
 .bss.z_main_thread
                0x000000003ffb07d8       0xc0 zephyr/kernel/libkernel.a(init.c.obj)
                0x000000003ffb07d8                z_main_thread
 .bss.curr_tick
                0x000000003ffb0898        0x8 zephyr/kernel/libkernel.a(timeout.c.obj)
 .bss.i2c_dev1  0x000000003ffb08a0        0x4 app/libapp.a(main.c.obj)
                0x000000003ffb08a0                i2c_dev1
 .bss.i2c_dev   0x000000003ffb08a4        0x4 app/libapp.a(main.c.obj)
                0x000000003ffb08a4                i2c_dev
 .bss.uart_console_dev
                0x000000003ffb08a8        0x4 zephyr/libzephyr.a(uart_console.c.obj)
 .bss.last_count
                0x000000003ffb08ac        0x4 zephyr/libzephyr.a(xtensa_sys_timer.c.obj)
 .bss.i2c_esp32_data_1
                0x000000003ffb08b0       0x2c zephyr/drivers/i2c/libdrivers__i2c.a(i2c_esp32.c.obj)
 .bss.i2c_esp32_data_0
                0x000000003ffb08dc       0x2c zephyr/drivers/i2c/libdrivers__i2c.a(i2c_esp32.c.obj)
 .bss.slice_max_prio
                0x000000003ffb0908        0x4 zephyr/kernel/libkernel.a(sched.c.obj)
 .bss.slice_time
                0x000000003ffb090c        0x4 zephyr/kernel/libkernel.a(sched.c.obj)
 .bss._kernel   0x000000003ffb0910       0x44 zephyr/kernel/libkernel.a(sched.c.obj)
                0x000000003ffb0910                _kernel
 .bss.announce_remaining
                0x000000003ffb0954        0x4 zephyr/kernel/libkernel.a(timeout.c.obj)
 .bss.isr_connected$4832
                0x000000003ffb0958        0x1 zephyr/drivers/gpio/libdrivers__gpio.a(gpio_esp32.c.obj)
 .bss.z_sys_post_kernel
                0x000000003ffb0959        0x1 zephyr/kernel/libkernel.a(init.c.obj)
                0x000000003ffb0959                z_sys_post_kernel
 .bss.sched_spinlock
                0x000000003ffb095a        0x0 zephyr/kernel/libkernel.a(sched.c.obj)
 .bss.lock      0x000000003ffb095a        0x0 zephyr/kernel/libkernel.a(sem.c.obj)
 *(SORT_BY_ALIGNMENT(.share.mem))
 *(SORT_BY_ALIGNMENT(.gnu.linkonce.b.*))
 *(SORT_BY_ALIGNMENT(COMMON))
                0x000000003ffb0960                . = ALIGN (0x8)
 *fill*         0x000000003ffb095a        0x6 
                0x000000003ffb0960                _bss_end = ABSOLUTE (.)

app_noinit      0x000000003ffb0960        0x0
                0x000000003ffb0960                . = ALIGN (0x8)
 *(SORT_BY_ALIGNMENT(.app_noinit))
 *(SORT_BY_ALIGNMENT(app_noinit.*))
                0x000000003ffb0960                . = ALIGN (0x8)
                0x000000003ffb0960                _app_end = ABSOLUTE (.)

noinit          0x000000003ffb0960     0x2000
                0x000000003ffb0960                . = ALIGN (0x8)
 *(SORT_BY_ALIGNMENT(.noinit))
 *(SORT_BY_ALIGNMENT(.noinit.*))
 .noinit."WEST_TOPDIR/zephyr/kernel/init.c".3
                0x000000003ffb0960      0x800 zephyr/kernel/libkernel.a(init.c.obj)
 .noinit."WEST_TOPDIR/zephyr/kernel/init.c".2
                0x000000003ffb1160      0x800 zephyr/kernel/libkernel.a(init.c.obj)
                0x000000003ffb1160                z_main_stack
 .noinit."WEST_TOPDIR/zephyr/kernel/init.c".4
                0x000000003ffb1960     0x1000 zephyr/kernel/libkernel.a(init.c.obj)
                0x000000003ffb1960                z_interrupt_stacks
                0x000000003ffb2960                . = ALIGN (0x8)
                0x000000003ffb2960                _heap_start = ABSOLUTE (.)

/DISCARD/
 *(SORT_BY_ALIGNMENT(.irq_info*))
 *(SORT_BY_ALIGNMENT(.intList*))

.stab
 *(SORT_BY_ALIGNMENT(.stab))

.stabstr
 *(SORT_BY_ALIGNMENT(.stabstr))

.stab.excl
 *(SORT_BY_ALIGNMENT(.stab.excl))

.stab.exclstr
 *(SORT_BY_ALIGNMENT(.stab.exclstr))

.stab.index
 *(SORT_BY_ALIGNMENT(.stab.index))

.stab.indexstr
 *(SORT_BY_ALIGNMENT(.stab.indexstr))

.gnu.build.attributes
 *(SORT_BY_ALIGNMENT(.gnu.build.attributes) SORT_BY_ALIGNMENT(.gnu.build.attributes.*))

.comment        0x0000000000000000       0x25
 *(SORT_BY_ALIGNMENT(.comment))
 .comment       0x0000000000000000       0x25 zephyr/CMakeFiles/zephyr_final.dir/isr_tables.c.obj
                                         0x26 (size before relaxing)
 .comment       0x0000000000000025       0x26 app/libapp.a(main.c.obj)
 .comment       0x0000000000000025       0x26 zephyr/libzephyr.a(fdtable.c.obj)
 .comment       0x0000000000000025       0x26 zephyr/libzephyr.a(printk.c.obj)
 .comment       0x0000000000000025       0x26 zephyr/libzephyr.a(thread_entry.c.obj)
 .comment       0x0000000000000025       0x26 zephyr/libzephyr.a(heap.c.obj)
 .comment       0x0000000000000025       0x26 zephyr/libzephyr.a(configs.c.obj)
 .comment       0x0000000000000025       0x26 zephyr/libzephyr.a(soc.c.obj)
 .comment       0x0000000000000025       0x26 zephyr/libzephyr.a(uart_console.c.obj)
 .comment       0x0000000000000025       0x26 zephyr/libzephyr.a(clock_control_esp32.c.obj)
 .comment       0x0000000000000025       0x26 zephyr/libzephyr.a(pinmux_esp32.c.obj)
 .comment       0x0000000000000025       0x26 zephyr/libzephyr.a(sys_clock_init.c.obj)
 .comment       0x0000000000000025       0x26 zephyr/libzephyr.a(xtensa_sys_timer.c.obj)
 .comment       0x0000000000000025       0x26 zephyr/arch/arch/xtensa/core/libarch__xtensa__core.a(cpu_idle.c.obj)
 .comment       0x0000000000000025       0x26 zephyr/arch/arch/xtensa/core/libarch__xtensa__core.a(fatal.c.obj)
 .comment       0x0000000000000025       0x26 zephyr/arch/arch/xtensa/core/libarch__xtensa__core.a(xtensa-asm2.c.obj)
 .comment       0x0000000000000025       0x26 zephyr/lib/libc/minimal/liblib__libc__minimal.a(string.c.obj)
 .comment       0x0000000000000025       0x26 zephyr/lib/libc/minimal/liblib__libc__minimal.a(stdout_console.c.obj)
 .comment       0x0000000000000025       0x26 zephyr/drivers/gpio/libdrivers__gpio.a(gpio_esp32.c.obj)
 .comment       0x0000000000000025       0x26 zephyr/drivers/i2c/libdrivers__i2c.a(i2c_esp32.c.obj)
 .comment       0x0000000000000025       0x26 zephyr/drivers/serial/libdrivers__serial.a(uart_esp32.c.obj)
 .comment       0x0000000000000025       0x26 zephyr/kernel/libkernel.a(device.c.obj)
 .comment       0x0000000000000025       0x26 zephyr/kernel/libkernel.a(fatal.c.obj)
 .comment       0x0000000000000025       0x26 zephyr/kernel/libkernel.a(init.c.obj)
 .comment       0x0000000000000025       0x26 zephyr/kernel/libkernel.a(sched.c.obj)
 .comment       0x0000000000000025       0x26 zephyr/kernel/libkernel.a(sem.c.obj)
 .comment       0x0000000000000025       0x26 zephyr/kernel/libkernel.a(thread.c.obj)
 .comment       0x0000000000000025       0x26 zephyr/kernel/libkernel.a(thread_abort.c.obj)
 .comment       0x0000000000000025       0x26 zephyr/kernel/libkernel.a(timeout.c.obj)
 .comment       0x0000000000000025       0x26 zephyr/kernel/libkernel.a(idle.c.obj)
 .comment       0x0000000000000025       0x26 zephyr/kernel/libkernel.a(kheap.c.obj)
 .comment       0x0000000000000025       0x26 zephyr/CMakeFiles/offsets.dir/./arch/xtensa/core/offsets/offsets.c.obj
 .comment       0x0000000000000025       0x26 /home/alex/.espressif/tools/xtensa-esp32-elf/esp-2020r3-8.4.0/xtensa-esp32-elf/bin/../lib/gcc/xtensa-esp32-elf/8.4.0/libgcc.a(_divdi3.o)
 .comment       0x0000000000000025       0x26 /home/alex/.espressif/tools/xtensa-esp32-elf/esp-2020r3-8.4.0/xtensa-esp32-elf/bin/../lib/gcc/xtensa-esp32-elf/8.4.0/libgcc.a(_moddi3.o)
 .comment       0x0000000000000025       0x26 /home/alex/.espressif/tools/xtensa-esp32-elf/esp-2020r3-8.4.0/xtensa-esp32-elf/bin/../lib/gcc/xtensa-esp32-elf/8.4.0/libgcc.a(_udivdi3.o)
 .comment       0x0000000000000025       0x26 /home/alex/.espressif/tools/xtensa-esp32-elf/esp-2020r3-8.4.0/xtensa-esp32-elf/bin/../lib/gcc/xtensa-esp32-elf/8.4.0/libgcc.a(_umoddi3.o)

.debug
 *(SORT_BY_ALIGNMENT(.debug))

.line
 *(SORT_BY_ALIGNMENT(.line))

.debug_srcinfo
 *(SORT_BY_ALIGNMENT(.debug_srcinfo))

.debug_sfnames
 *(SORT_BY_ALIGNMENT(.debug_sfnames))

.debug_aranges  0x0000000000000000      0xc18